[dotenvx@1.5.0] injecting env (16) from ./.env.test
	github.com/cshop/v3		coverage: 0.0% of statements
	github.com/cshop/v3/db/mock		coverage: 0.0% of statements
	github.com/cshop/v3/dagger		coverage: 0.0% of statements
	github.com/cshop/v3/image		coverage: 0.0% of statements
	github.com/cshop/v3/image/mock		coverage: 0.0% of statements
	github.com/cshop/v3/worker/mock		coverage: 0.0% of statements
	github.com/cshop/v3/worker		coverage: 0.0% of statements
-test.shuffle 1721248847655236900
=== RUN   TestDeleteProductItemAPI
=== RUN   TestDeleteProductItemAPI/OK
2024/07/17 22:40:47.698638 app.go:999: [Warn] failed to load views: CreateFile ./web/views: The system cannot find the path specified.
=== RUN   TestDeleteProductItemAPI/Unauthorized
2024/07/17 22:40:47.701294 app.go:999: [Warn] failed to load views: CreateFile ./web/views: The system cannot find the path specified.
=== RUN   TestDeleteProductItemAPI/NoAuthorization
2024/07/17 22:40:47.702261 app.go:999: [Warn] failed to load views: CreateFile ./web/views: The system cannot find the path specified.
=== RUN   TestDeleteProductItemAPI/NotFound
2024/07/17 22:40:47.702261 app.go:999: [Warn] failed to load views: CreateFile ./web/views: The system cannot find the path specified.
=== RUN   TestDeleteProductItemAPI/InternalError
2024/07/17 22:40:47.702765 app.go:999: [Warn] failed to load views: CreateFile ./web/views: The system cannot find the path specified.
=== RUN   TestDeleteProductItemAPI/InvalidID
2024/07/17 22:40:47.703278 app.go:999: [Warn] failed to load views: CreateFile ./web/views: The system cannot find the path specified.
--- PASS: TestDeleteProductItemAPI (0.05s)
    --- PASS: TestDeleteProductItemAPI/OK (0.00s)
    --- PASS: TestDeleteProductItemAPI/Unauthorized (0.00s)
    --- PASS: TestDeleteProductItemAPI/NoAuthorization (0.00s)
    --- PASS: TestDeleteProductItemAPI/NotFound (0.00s)
    --- PASS: TestDeleteProductItemAPI/InternalError (0.00s)
    --- PASS: TestDeleteProductItemAPI/InvalidID (0.00s)
=== RUN   TestListUsersReviewAPI
=== RUN   TestListUsersReviewAPI/OK
2024/07/17 22:40:47.746318 app.go:999: [Warn] failed to load views: CreateFile ./web/views: The system cannot find the path specified.
=== RUN   TestListUsersReviewAPI/InternalError
2024/07/17 22:40:47.748520 app.go:999: [Warn] failed to load views: CreateFile ./web/views: The system cannot find the path specified.
=== RUN   TestListUsersReviewAPI/InvalidPageID
2024/07/17 22:40:47.749025 app.go:999: [Warn] failed to load views: CreateFile ./web/views: The system cannot find the path specified.
=== RUN   TestListUsersReviewAPI/InvalidPageSize
2024/07/17 22:40:47.749550 app.go:999: [Warn] failed to load views: CreateFile ./web/views: The system cannot find the path specified.
--- PASS: TestListUsersReviewAPI (0.05s)
    --- PASS: TestListUsersReviewAPI/OK (0.00s)
    --- PASS: TestListUsersReviewAPI/InternalError (0.00s)
    --- PASS: TestListUsersReviewAPI/InvalidPageID (0.00s)
    --- PASS: TestListUsersReviewAPI/InvalidPageSize (0.00s)
=== RUN   TestUpdateProductBrandAPI
=== RUN   TestUpdateProductBrandAPI/OK
2024/07/17 22:40:47.792842 app.go:999: [Warn] failed to load views: CreateFile ./web/views: The system cannot find the path specified.
=== RUN   TestUpdateProductBrandAPI/Unauthorized
2024/07/17 22:40:47.794438 app.go:999: [Warn] failed to load views: CreateFile ./web/views: The system cannot find the path specified.
=== RUN   TestUpdateProductBrandAPI/NoAuthorization
2024/07/17 22:40:47.794942 app.go:999: [Warn] failed to load views: CreateFile ./web/views: The system cannot find the path specified.
=== RUN   TestUpdateProductBrandAPI/InternalError
2024/07/17 22:40:47.795463 app.go:999: [Warn] failed to load views: CreateFile ./web/views: The system cannot find the path specified.
=== RUN   TestUpdateProductBrandAPI/InvalidID
2024/07/17 22:40:47.795985 app.go:999: [Warn] failed to load views: CreateFile ./web/views: The system cannot find the path specified.
--- PASS: TestUpdateProductBrandAPI (0.05s)
    --- PASS: TestUpdateProductBrandAPI/OK (0.00s)
    --- PASS: TestUpdateProductBrandAPI/Unauthorized (0.00s)
    --- PASS: TestUpdateProductBrandAPI/NoAuthorization (0.00s)
    --- PASS: TestUpdateProductBrandAPI/InternalError (0.00s)
    --- PASS: TestUpdateProductBrandAPI/InvalidID (0.00s)
=== RUN   TestDeleteShippingMethodAPI
=== RUN   TestDeleteShippingMethodAPI/OK
2024/07/17 22:40:47.840185 app.go:999: [Warn] failed to load views: CreateFile ./web/views: The system cannot find the path specified.
=== RUN   TestDeleteShippingMethodAPI/NotFound
2024/07/17 22:40:47.840694 app.go:999: [Warn] failed to load views: CreateFile ./web/views: The system cannot find the path specified.
=== RUN   TestDeleteShippingMethodAPI/InternalError
2024/07/17 22:40:47.841213 app.go:999: [Warn] failed to load views: CreateFile ./web/views: The system cannot find the path specified.
=== RUN   TestDeleteShippingMethodAPI/InvalidID
2024/07/17 22:40:47.842254 app.go:999: [Warn] failed to load views: CreateFile ./web/views: The system cannot find the path specified.
--- PASS: TestDeleteShippingMethodAPI (0.05s)
    --- PASS: TestDeleteShippingMethodAPI/OK (0.00s)
    --- PASS: TestDeleteShippingMethodAPI/NotFound (0.00s)
    --- PASS: TestDeleteShippingMethodAPI/InternalError (0.00s)
    --- PASS: TestDeleteShippingMethodAPI/InvalidID (0.00s)
=== RUN   TestUpdateShoppingCartItemAPI
=== RUN   TestUpdateShoppingCartItemAPI/OK
2024/07/17 22:40:47.886014 app.go:999: [Warn] failed to load views: CreateFile ./web/views: The system cannot find the path specified.
=== RUN   TestUpdateShoppingCartItemAPI/NoAuthorization
2024/07/17 22:40:47.887956 app.go:999: [Warn] failed to load views: CreateFile ./web/views: The system cannot find the path specified.
=== RUN   TestUpdateShoppingCartItemAPI/InternalError
2024/07/17 22:40:47.888462 app.go:999: [Warn] failed to load views: CreateFile ./web/views: The system cannot find the path specified.
=== RUN   TestUpdateShoppingCartItemAPI/InvalidCartID
2024/07/17 22:40:47.888987 app.go:999: [Warn] failed to load views: CreateFile ./web/views: The system cannot find the path specified.
--- PASS: TestUpdateShoppingCartItemAPI (0.05s)
    --- PASS: TestUpdateShoppingCartItemAPI/OK (0.00s)
    --- PASS: TestUpdateShoppingCartItemAPI/NoAuthorization (0.00s)
    --- PASS: TestUpdateShoppingCartItemAPI/InternalError (0.00s)
    --- PASS: TestUpdateShoppingCartItemAPI/InvalidCartID (0.00s)
=== RUN   TestListOrderStatusAPI
=== RUN   TestListOrderStatusAPI/OK
2024/07/17 22:40:47.932139 app.go:999: [Warn] failed to load views: CreateFile ./web/views: The system cannot find the path specified.
=== RUN   TestListOrderStatusAPI/InternalError
2024/07/17 22:40:47.933524 app.go:999: [Warn] failed to load views: CreateFile ./web/views: The system cannot find the path specified.
=== RUN   TestListOrderStatusAPI/InvalidPageID
2024/07/17 22:40:47.934027 app.go:999: [Warn] failed to load views: CreateFile ./web/views: The system cannot find the path specified.
=== RUN   TestListOrderStatusAPI/InvalidPageSize
2024/07/17 22:40:47.934536 app.go:999: [Warn] failed to load views: CreateFile ./web/views: The system cannot find the path specified.
--- PASS: TestListOrderStatusAPI (0.05s)
    --- PASS: TestListOrderStatusAPI/OK (0.00s)
    --- PASS: TestListOrderStatusAPI/InternalError (0.00s)
    --- PASS: TestListOrderStatusAPI/InvalidPageID (0.00s)
    --- PASS: TestListOrderStatusAPI/InvalidPageSize (0.00s)
=== RUN   TestUpdateProductPromotionAPI
=== RUN   TestUpdateProductPromotionAPI/OK
2024/07/17 22:40:47.977650 app.go:999: [Warn] failed to load views: CreateFile ./web/views: The system cannot find the path specified.
=== RUN   TestUpdateProductPromotionAPI/Unauthorized
2024/07/17 22:40:47.979307 app.go:999: [Warn] failed to load views: CreateFile ./web/views: The system cannot find the path specified.
=== RUN   TestUpdateProductPromotionAPI/NoAuthorization
2024/07/17 22:40:47.979811 app.go:999: [Warn] failed to load views: CreateFile ./web/views: The system cannot find the path specified.
=== RUN   TestUpdateProductPromotionAPI/InternalError
2024/07/17 22:40:47.980853 app.go:999: [Warn] failed to load views: CreateFile ./web/views: The system cannot find the path specified.
=== RUN   TestUpdateProductPromotionAPI/InvalidID
2024/07/17 22:40:47.981911 app.go:999: [Warn] failed to load views: CreateFile ./web/views: The system cannot find the path specified.
--- PASS: TestUpdateProductPromotionAPI (0.05s)
    --- PASS: TestUpdateProductPromotionAPI/OK (0.00s)
    --- PASS: TestUpdateProductPromotionAPI/Unauthorized (0.00s)
    --- PASS: TestUpdateProductPromotionAPI/NoAuthorization (0.00s)
    --- PASS: TestUpdateProductPromotionAPI/InternalError (0.00s)
    --- PASS: TestUpdateProductPromotionAPI/InvalidID (0.00s)
=== RUN   TestSearchProductItemsAPI
=== RUN   TestSearchProductItemsAPI/OK
2024/07/17 22:40:47.982424 app.go:999: [Warn] failed to load views: CreateFile ./web/views: The system cannot find the path specified.
=== RUN   TestSearchProductItemsAPI/InternalError
2024/07/17 22:40:47.986222 app.go:999: [Warn] failed to load views: CreateFile ./web/views: The system cannot find the path specified.
=== RUN   TestSearchProductItemsAPI/InvalidLimit
2024/07/17 22:40:47.986725 app.go:999: [Warn] failed to load views: CreateFile ./web/views: The system cannot find the path specified.
--- PASS: TestSearchProductItemsAPI (0.00s)
    --- PASS: TestSearchProductItemsAPI/OK (0.00s)
    --- PASS: TestSearchProductItemsAPI/InternalError (0.00s)
    --- PASS: TestSearchProductItemsAPI/InvalidLimit (0.00s)
=== RUN   TestDeleteShoppingCartItemAPI
=== RUN   TestDeleteShoppingCartItemAPI/OK
2024/07/17 22:40:48.029737 app.go:999: [Warn] failed to load views: CreateFile ./web/views: The system cannot find the path specified.
=== RUN   TestDeleteShoppingCartItemAPI/NotFound
2024/07/17 22:40:48.030241 app.go:999: [Warn] failed to load views: CreateFile ./web/views: The system cannot find the path specified.
=== RUN   TestDeleteShoppingCartItemAPI/InternalError
2024/07/17 22:40:48.030753 app.go:999: [Warn] failed to load views: CreateFile ./web/views: The system cannot find the path specified.
=== RUN   TestDeleteShoppingCartItemAPI/InvalidID
2024/07/17 22:40:48.031303 app.go:999: [Warn] failed to load views: CreateFile ./web/views: The system cannot find the path specified.
--- PASS: TestDeleteShoppingCartItemAPI (0.04s)
    --- PASS: TestDeleteShoppingCartItemAPI/OK (0.00s)
    --- PASS: TestDeleteShoppingCartItemAPI/NotFound (0.00s)
    --- PASS: TestDeleteShoppingCartItemAPI/InternalError (0.00s)
    --- PASS: TestDeleteShoppingCartItemAPI/InvalidID (0.00s)
=== RUN   TestDeleteHomePageTextBannerAPI
=== RUN   TestDeleteHomePageTextBannerAPI/OK
2024/07/17 22:40:48.072860 app.go:999: [Warn] failed to load views: CreateFile ./web/views: The system cannot find the path specified.
=== RUN   TestDeleteHomePageTextBannerAPI/Unauthorized
2024/07/17 22:40:48.074878 app.go:999: [Warn] failed to load views: CreateFile ./web/views: The system cannot find the path specified.
=== RUN   TestDeleteHomePageTextBannerAPI/NoAuthorization
2024/07/17 22:40:48.075398 app.go:999: [Warn] failed to load views: CreateFile ./web/views: The system cannot find the path specified.
=== RUN   TestDeleteHomePageTextBannerAPI/NotFound
2024/07/17 22:40:48.075398 app.go:999: [Warn] failed to load views: CreateFile ./web/views: The system cannot find the path specified.
=== RUN   TestDeleteHomePageTextBannerAPI/InternalError
2024/07/17 22:40:48.075914 app.go:999: [Warn] failed to load views: CreateFile ./web/views: The system cannot find the path specified.
=== RUN   TestDeleteHomePageTextBannerAPI/InvalidID
2024/07/17 22:40:48.076432 app.go:999: [Warn] failed to load views: CreateFile ./web/views: The system cannot find the path specified.
--- PASS: TestDeleteHomePageTextBannerAPI (0.05s)
    --- PASS: TestDeleteHomePageTextBannerAPI/OK (0.00s)
    --- PASS: TestDeleteHomePageTextBannerAPI/Unauthorized (0.00s)
    --- PASS: TestDeleteHomePageTextBannerAPI/NoAuthorization (0.00s)
    --- PASS: TestDeleteHomePageTextBannerAPI/NotFound (0.00s)
    --- PASS: TestDeleteHomePageTextBannerAPI/InternalError (0.00s)
    --- PASS: TestDeleteHomePageTextBannerAPI/InvalidID (0.00s)
=== RUN   TestUpdateShippingMethodAPI
=== RUN   TestUpdateShippingMethodAPI/OK
2024/07/17 22:40:48.120091 app.go:999: [Warn] failed to load views: CreateFile ./web/views: The system cannot find the path specified.
=== RUN   TestUpdateShippingMethodAPI/NoAuthorization
2024/07/17 22:40:48.123113 app.go:999: [Warn] failed to load views: CreateFile ./web/views: The system cannot find the path specified.
=== RUN   TestUpdateShippingMethodAPI/InternalError
2024/07/17 22:40:48.123618 app.go:999: [Warn] failed to load views: CreateFile ./web/views: The system cannot find the path specified.
=== RUN   TestUpdateShippingMethodAPI/InvalidUserID
2024/07/17 22:40:48.124136 app.go:999: [Warn] failed to load views: CreateFile ./web/views: The system cannot find the path specified.
--- PASS: TestUpdateShippingMethodAPI (0.05s)
    --- PASS: TestUpdateShippingMethodAPI/OK (0.00s)
    --- PASS: TestUpdateShippingMethodAPI/NoAuthorization (0.00s)
    --- PASS: TestUpdateShippingMethodAPI/InternalError (0.00s)
    --- PASS: TestUpdateShippingMethodAPI/InvalidUserID (0.00s)
=== RUN   TestListShippingMethodAPI
=== RUN   TestListShippingMethodAPI/OK
2024/07/17 22:40:48.175213 app.go:999: [Warn] failed to load views: CreateFile ./web/views: The system cannot find the path specified.
=== RUN   TestListShippingMethodAPI/InternalError
2024/07/17 22:40:48.176601 app.go:999: [Warn] failed to load views: CreateFile ./web/views: The system cannot find the path specified.
--- PASS: TestListShippingMethodAPI (0.05s)
    --- PASS: TestListShippingMethodAPI/OK (0.00s)
    --- PASS: TestListShippingMethodAPI/InternalError (0.00s)
=== RUN   TestGetNotificationAPI
=== RUN   TestGetNotificationAPI/OK
2024/07/17 22:40:48.219328 app.go:999: [Warn] failed to load views: CreateFile ./web/views: The system cannot find the path specified.
=== RUN   TestGetNotificationAPI/NoAuthorization
2024/07/17 22:40:48.220355 app.go:999: [Warn] failed to load views: CreateFile ./web/views: The system cannot find the path specified.
=== RUN   TestGetNotificationAPI/InternalError
2024/07/17 22:40:48.220867 app.go:999: [Warn] failed to load views: CreateFile ./web/views: The system cannot find the path specified.
=== RUN   TestGetNotificationAPI/InvalidUserID
2024/07/17 22:40:48.221381 app.go:999: [Warn] failed to load views: CreateFile ./web/views: The system cannot find the path specified.
--- PASS: TestGetNotificationAPI (0.05s)
    --- PASS: TestGetNotificationAPI/OK (0.00s)
    --- PASS: TestGetNotificationAPI/NoAuthorization (0.00s)
    --- PASS: TestGetNotificationAPI/InternalError (0.00s)
    --- PASS: TestGetNotificationAPI/InvalidUserID (0.00s)
=== RUN   TestGetBrandPromotionAPI
=== RUN   TestGetBrandPromotionAPI/OK
2024/07/17 22:40:48.221903 app.go:999: [Warn] failed to load views: CreateFile ./web/views: The system cannot find the path specified.
=== RUN   TestGetBrandPromotionAPI/NotFound
2024/07/17 22:40:48.222427 app.go:999: [Warn] failed to load views: CreateFile ./web/views: The system cannot find the path specified.
=== RUN   TestGetBrandPromotionAPI/InternalError
2024/07/17 22:40:48.222946 app.go:999: [Warn] failed to load views: CreateFile ./web/views: The system cannot find the path specified.
=== RUN   TestGetBrandPromotionAPI/InvalidID
2024/07/17 22:40:48.223466 app.go:999: [Warn] failed to load views: CreateFile ./web/views: The system cannot find the path specified.
--- PASS: TestGetBrandPromotionAPI (0.00s)
    --- PASS: TestGetBrandPromotionAPI/OK (0.00s)
    --- PASS: TestGetBrandPromotionAPI/NotFound (0.00s)
    --- PASS: TestGetBrandPromotionAPI/InternalError (0.00s)
    --- PASS: TestGetBrandPromotionAPI/InvalidID (0.00s)
=== RUN   TestListProductItemsWithCategoryPromotionsNextPageAPI
=== RUN   TestListProductItemsWithCategoryPromotionsNextPageAPI/OK
2024/07/17 22:40:48.223994 app.go:999: [Warn] failed to load views: CreateFile ./web/views: The system cannot find the path specified.
=== RUN   TestListProductItemsWithCategoryPromotionsNextPageAPI/InternalError
2024/07/17 22:40:48.227258 app.go:999: [Warn] failed to load views: CreateFile ./web/views: The system cannot find the path specified.
=== RUN   TestListProductItemsWithCategoryPromotionsNextPageAPI/InvalidLimit
2024/07/17 22:40:48.227764 app.go:999: [Warn] failed to load views: CreateFile ./web/views: The system cannot find the path specified.
--- PASS: TestListProductItemsWithCategoryPromotionsNextPageAPI (0.00s)
    --- PASS: TestListProductItemsWithCategoryPromotionsNextPageAPI/OK (0.00s)
    --- PASS: TestListProductItemsWithCategoryPromotionsNextPageAPI/InternalError (0.00s)
    --- PASS: TestListProductItemsWithCategoryPromotionsNextPageAPI/InvalidLimit (0.00s)
=== RUN   TestListHomePageTextBannersAPI
=== RUN   TestListHomePageTextBannersAPI/OK
2024/07/17 22:40:48.228285 app.go:999: [Warn] failed to load views: CreateFile ./web/views: The system cannot find the path specified.
=== RUN   TestListHomePageTextBannersAPI/InternalError
2024/07/17 22:40:48.228807 app.go:999: [Warn] failed to load views: CreateFile ./web/views: The system cannot find the path specified.
--- PASS: TestListHomePageTextBannersAPI (0.00s)
    --- PASS: TestListHomePageTextBannersAPI/OK (0.00s)
    --- PASS: TestListHomePageTextBannersAPI/InternalError (0.00s)
=== RUN   TestSearchProductItemsNextPageAPI
=== RUN   TestSearchProductItemsNextPageAPI/OK
2024/07/17 22:40:48.229326 app.go:999: [Warn] failed to load views: CreateFile ./web/views: The system cannot find the path specified.
=== RUN   TestSearchProductItemsNextPageAPI/InternalError
2024/07/17 22:40:48.232485 app.go:999: [Warn] failed to load views: CreateFile ./web/views: The system cannot find the path specified.
=== RUN   TestSearchProductItemsNextPageAPI/InvalidLimit
2024/07/17 22:40:48.232990 app.go:999: [Warn] failed to load views: CreateFile ./web/views: The system cannot find the path specified.
--- PASS: TestSearchProductItemsNextPageAPI (0.00s)
    --- PASS: TestSearchProductItemsNextPageAPI/OK (0.00s)
    --- PASS: TestSearchProductItemsNextPageAPI/InternalError (0.00s)
    --- PASS: TestSearchProductItemsNextPageAPI/InvalidLimit (0.00s)
=== RUN   TestGetDashboardInfoAPI
=== RUN   TestGetDashboardInfoAPI/OK
2024/07/17 22:40:48.318751 app.go:999: [Warn] failed to load views: CreateFile ./web/views: The system cannot find the path specified.
=== RUN   TestGetDashboardInfoAPI/Unauthorized
2024/07/17 22:40:48.321109 app.go:999: [Warn] failed to load views: CreateFile ./web/views: The system cannot find the path specified.
=== RUN   TestGetDashboardInfoAPI/InternalError
2024/07/17 22:40:48.321616 app.go:999: [Warn] failed to load views: CreateFile ./web/views: The system cannot find the path specified.
=== RUN   TestGetDashboardInfoAPI/InvalidID
2024/07/17 22:40:48.322141 app.go:999: [Warn] failed to load views: CreateFile ./web/views: The system cannot find the path specified.
--- PASS: TestGetDashboardInfoAPI (0.09s)
    --- PASS: TestGetDashboardInfoAPI/OK (0.00s)
    --- PASS: TestGetDashboardInfoAPI/Unauthorized (0.00s)
    --- PASS: TestGetDashboardInfoAPI/InternalError (0.00s)
    --- PASS: TestGetDashboardInfoAPI/InvalidID (0.00s)
=== RUN   TestLoginUserAPI
=== PAUSE TestLoginUserAPI
=== RUN   TestGetShopOrderItemAPI
=== RUN   TestGetShopOrderItemAPI/OK
2024/07/17 22:40:48.365366 app.go:999: [Warn] failed to load views: CreateFile ./web/views: The system cannot find the path specified.
=== RUN   TestGetShopOrderItemAPI/NoAuthorization
2024/07/17 22:40:48.367812 app.go:999: [Warn] failed to load views: CreateFile ./web/views: The system cannot find the path specified.
=== RUN   TestGetShopOrderItemAPI/InternalError
2024/07/17 22:40:48.368316 app.go:999: [Warn] failed to load views: CreateFile ./web/views: The system cannot find the path specified.
=== RUN   TestGetShopOrderItemAPI/InvalidUserID
2024/07/17 22:40:48.368837 app.go:999: [Warn] failed to load views: CreateFile ./web/views: The system cannot find the path specified.
--- PASS: TestGetShopOrderItemAPI (0.05s)
    --- PASS: TestGetShopOrderItemAPI/OK (0.00s)
    --- PASS: TestGetShopOrderItemAPI/NoAuthorization (0.00s)
    --- PASS: TestGetShopOrderItemAPI/InternalError (0.00s)
    --- PASS: TestGetShopOrderItemAPI/InvalidUserID (0.00s)
=== RUN   TestCreateVariationAPI
=== RUN   TestCreateVariationAPI/OK
2024/07/17 22:40:48.411666 app.go:999: [Warn] failed to load views: CreateFile ./web/views: The system cannot find the path specified.
=== RUN   TestCreateVariationAPI/NoAuthorization
2024/07/17 22:40:48.413526 app.go:999: [Warn] failed to load views: CreateFile ./web/views: The system cannot find the path specified.
=== RUN   TestCreateVariationAPI/Unauthorized
2024/07/17 22:40:48.414030 app.go:999: [Warn] failed to load views: CreateFile ./web/views: The system cannot find the path specified.
=== RUN   TestCreateVariationAPI/InternalError
2024/07/17 22:40:48.414030 app.go:999: [Warn] failed to load views: CreateFile ./web/views: The system cannot find the path specified.
=== RUN   TestCreateVariationAPI/InvalidID
2024/07/17 22:40:48.414543 app.go:999: [Warn] failed to load views: CreateFile ./web/views: The system cannot find the path specified.
--- PASS: TestCreateVariationAPI (0.05s)
    --- PASS: TestCreateVariationAPI/OK (0.00s)
    --- PASS: TestCreateVariationAPI/NoAuthorization (0.00s)
    --- PASS: TestCreateVariationAPI/Unauthorized (0.00s)
    --- PASS: TestCreateVariationAPI/InternalError (0.00s)
    --- PASS: TestCreateVariationAPI/InvalidID (0.00s)
=== RUN   TestCreateCategoryPromotionAPI
=== RUN   TestCreateCategoryPromotionAPI/OK
2024/07/17 22:40:48.457789 app.go:999: [Warn] failed to load views: CreateFile ./web/views: The system cannot find the path specified.
=== RUN   TestCreateCategoryPromotionAPI/NoAuthorization
2024/07/17 22:40:48.459371 app.go:999: [Warn] failed to load views: CreateFile ./web/views: The system cannot find the path specified.
=== RUN   TestCreateCategoryPromotionAPI/Unauthorized
2024/07/17 22:40:48.459894 app.go:999: [Warn] failed to load views: CreateFile ./web/views: The system cannot find the path specified.
=== RUN   TestCreateCategoryPromotionAPI/InternalError
2024/07/17 22:40:48.460416 app.go:999: [Warn] failed to load views: CreateFile ./web/views: The system cannot find the path specified.
=== RUN   TestCreateCategoryPromotionAPI/InvalidID
2024/07/17 22:40:48.460925 app.go:999: [Warn] failed to load views: CreateFile ./web/views: The system cannot find the path specified.
--- PASS: TestCreateCategoryPromotionAPI (0.05s)
    --- PASS: TestCreateCategoryPromotionAPI/OK (0.00s)
    --- PASS: TestCreateCategoryPromotionAPI/NoAuthorization (0.00s)
    --- PASS: TestCreateCategoryPromotionAPI/Unauthorized (0.00s)
    --- PASS: TestCreateCategoryPromotionAPI/InternalError (0.00s)
    --- PASS: TestCreateCategoryPromotionAPI/InvalidID (0.00s)
=== RUN   TestDeleteUserReviewAPI
=== RUN   TestDeleteUserReviewAPI/OK
2024/07/17 22:40:48.505175 app.go:999: [Warn] failed to load views: CreateFile ./web/views: The system cannot find the path specified.
=== RUN   TestDeleteUserReviewAPI/NotFound
2024/07/17 22:40:48.505683 app.go:999: [Warn] failed to load views: CreateFile ./web/views: The system cannot find the path specified.
=== RUN   TestDeleteUserReviewAPI/InternalError
2024/07/17 22:40:48.506745 app.go:999: [Warn] failed to load views: CreateFile ./web/views: The system cannot find the path specified.
=== RUN   TestDeleteUserReviewAPI/InvalidID
2024/07/17 22:40:48.507296 app.go:999: [Warn] failed to load views: CreateFile ./web/views: The system cannot find the path specified.
--- PASS: TestDeleteUserReviewAPI (0.05s)
    --- PASS: TestDeleteUserReviewAPI/OK (0.00s)
    --- PASS: TestDeleteUserReviewAPI/NotFound (0.00s)
    --- PASS: TestDeleteUserReviewAPI/InternalError (0.00s)
    --- PASS: TestDeleteUserReviewAPI/InvalidID (0.00s)
=== RUN   TestUpdateFinishPurchaseItemAPI
=== RUN   TestUpdateFinishPurchaseItemAPI/OK
2024/07/17 22:40:48.551502 app.go:999: [Warn] failed to load views: CreateFile ./web/views: The system cannot find the path specified.
=== RUN   TestUpdateFinishPurchaseItemAPI/NoAuthorization
2024/07/17 22:40:48.553097 app.go:999: [Warn] failed to load views: CreateFile ./web/views: The system cannot find the path specified.
=== RUN   TestUpdateFinishPurchaseItemAPI/InternalError
2024/07/17 22:40:48.553625 app.go:999: [Warn] failed to load views: CreateFile ./web/views: The system cannot find the path specified.
=== RUN   TestUpdateFinishPurchaseItemAPI/InvalidCartID
2024/07/17 22:40:48.554134 app.go:999: [Warn] failed to load views: CreateFile ./web/views: The system cannot find the path specified.
--- PASS: TestUpdateFinishPurchaseItemAPI (0.05s)
    --- PASS: TestUpdateFinishPurchaseItemAPI/OK (0.00s)
    --- PASS: TestUpdateFinishPurchaseItemAPI/NoAuthorization (0.00s)
    --- PASS: TestUpdateFinishPurchaseItemAPI/InternalError (0.00s)
    --- PASS: TestUpdateFinishPurchaseItemAPI/InvalidCartID (0.00s)
=== RUN   TestGetProductConfigurationAPI
=== RUN   TestGetProductConfigurationAPI/OK
2024/07/17 22:40:48.554682 app.go:999: [Warn] failed to load views: CreateFile ./web/views: The system cannot find the path specified.
=== RUN   TestGetProductConfigurationAPI/NotFound
2024/07/17 22:40:48.555200 app.go:999: [Warn] failed to load views: CreateFile ./web/views: The system cannot find the path specified.
=== RUN   TestGetProductConfigurationAPI/InternalError
2024/07/17 22:40:48.555748 app.go:999: [Warn] failed to load views: CreateFile ./web/views: The system cannot find the path specified.
=== RUN   TestGetProductConfigurationAPI/InvalidID
2024/07/17 22:40:48.556268 app.go:999: [Warn] failed to load views: CreateFile ./web/views: The system cannot find the path specified.
--- PASS: TestGetProductConfigurationAPI (0.00s)
    --- PASS: TestGetProductConfigurationAPI/OK (0.00s)
    --- PASS: TestGetProductConfigurationAPI/NotFound (0.00s)
    --- PASS: TestGetProductConfigurationAPI/InternalError (0.00s)
    --- PASS: TestGetProductConfigurationAPI/InvalidID (0.00s)
=== RUN   TestAuthMiddlewareForUser
=== RUN   TestAuthMiddlewareForUser/OK
2024/07/17 22:40:48.556786 app.go:999: [Warn] failed to load views: CreateFile ./web/views: The system cannot find the path specified.
=== RUN   TestAuthMiddlewareForUser/NoAuthorization
2024/07/17 22:40:48.557313 app.go:999: [Warn] failed to load views: CreateFile ./web/views: The system cannot find the path specified.
=== RUN   TestAuthMiddlewareForUser/UnsupportedAuthorization
2024/07/17 22:40:48.557313 app.go:999: [Warn] failed to load views: CreateFile ./web/views: The system cannot find the path specified.
=== RUN   TestAuthMiddlewareForUser/InvaalidAuthorizationFormat
2024/07/17 22:40:48.557862 app.go:999: [Warn] failed to load views: CreateFile ./web/views: The system cannot find the path specified.
=== RUN   TestAuthMiddlewareForUser/ExpiredToken
2024/07/17 22:40:48.558383 app.go:999: [Warn] failed to load views: CreateFile ./web/views: The system cannot find the path specified.
--- PASS: TestAuthMiddlewareForUser (0.00s)
    --- PASS: TestAuthMiddlewareForUser/OK (0.00s)
    --- PASS: TestAuthMiddlewareForUser/NoAuthorization (0.00s)
    --- PASS: TestAuthMiddlewareForUser/UnsupportedAuthorization (0.00s)
    --- PASS: TestAuthMiddlewareForUser/InvaalidAuthorizationFormat (0.00s)
    --- PASS: TestAuthMiddlewareForUser/ExpiredToken (0.00s)
=== RUN   TestGetOrderStatusAPI
=== RUN   TestGetOrderStatusAPI/OK
2024/07/17 22:40:48.601625 app.go:999: [Warn] failed to load views: CreateFile ./web/views: The system cannot find the path specified.
=== RUN   TestGetOrderStatusAPI/NoAuthorization
2024/07/17 22:40:48.602713 app.go:999: [Warn] failed to load views: CreateFile ./web/views: The system cannot find the path specified.
=== RUN   TestGetOrderStatusAPI/NotFound
2024/07/17 22:40:48.602713 app.go:999: [Warn] failed to load views: CreateFile ./web/views: The system cannot find the path specified.
=== RUN   TestGetOrderStatusAPI/InternalError
2024/07/17 22:40:48.603219 app.go:999: [Warn] failed to load views: CreateFile ./web/views: The system cannot find the path specified.
=== RUN   TestGetOrderStatusAPI/InvalidID
2024/07/17 22:40:48.603744 app.go:999: [Warn] failed to load views: CreateFile ./web/views: The system cannot find the path specified.
--- PASS: TestGetOrderStatusAPI (0.05s)
    --- PASS: TestGetOrderStatusAPI/OK (0.00s)
    --- PASS: TestGetOrderStatusAPI/NoAuthorization (0.00s)
    --- PASS: TestGetOrderStatusAPI/NotFound (0.00s)
    --- PASS: TestGetOrderStatusAPI/InternalError (0.00s)
    --- PASS: TestGetOrderStatusAPI/InvalidID (0.00s)
=== RUN   TestCreateUserAddessAPI
=== RUN   TestCreateUserAddessAPI/OK
2024/07/17 22:40:48.646618 app.go:999: [Warn] failed to load views: CreateFile ./web/views: The system cannot find the path specified.
=== RUN   TestCreateUserAddessAPI/NoAuthorization
2024/07/17 22:40:48.650512 app.go:999: [Warn] failed to load views: CreateFile ./web/views: The system cannot find the path specified.
=== RUN   TestCreateUserAddessAPI/InternalError
2024/07/17 22:40:48.651033 app.go:999: [Warn] failed to load views: CreateFile ./web/views: The system cannot find the path specified.
=== RUN   TestCreateUserAddessAPI/InvalidUserID
2024/07/17 22:40:48.651559 app.go:999: [Warn] failed to load views: CreateFile ./web/views: The system cannot find the path specified.
--- PASS: TestCreateUserAddessAPI (0.05s)
    --- PASS: TestCreateUserAddessAPI/OK (0.00s)
    --- PASS: TestCreateUserAddessAPI/NoAuthorization (0.00s)
    --- PASS: TestCreateUserAddessAPI/InternalError (0.00s)
    --- PASS: TestCreateUserAddessAPI/InvalidUserID (0.00s)
=== RUN   TestUpdateProductItemAPI
=== RUN   TestUpdateProductItemAPI/OK
2024/07/17 22:40:48.693501 app.go:999: [Warn] failed to load views: CreateFile ./web/views: The system cannot find the path specified.
=== RUN   TestUpdateProductItemAPI/Unauthorized
2024/07/17 22:40:48.696387 app.go:999: [Warn] failed to load views: CreateFile ./web/views: The system cannot find the path specified.
=== RUN   TestUpdateProductItemAPI/NoAuthorization
2024/07/17 22:40:48.696894 app.go:999: [Warn] failed to load views: CreateFile ./web/views: The system cannot find the path specified.
=== RUN   TestUpdateProductItemAPI/InternalError
2024/07/17 22:40:48.697419 app.go:999: [Warn] failed to load views: CreateFile ./web/views: The system cannot find the path specified.
=== RUN   TestUpdateProductItemAPI/InvalidID
2024/07/17 22:40:48.697419 app.go:999: [Warn] failed to load views: CreateFile ./web/views: The system cannot find the path specified.
--- PASS: TestUpdateProductItemAPI (0.05s)
    --- PASS: TestUpdateProductItemAPI/OK (0.00s)
    --- PASS: TestUpdateProductItemAPI/Unauthorized (0.00s)
    --- PASS: TestUpdateProductItemAPI/NoAuthorization (0.00s)
    --- PASS: TestUpdateProductItemAPI/InternalError (0.00s)
    --- PASS: TestUpdateProductItemAPI/InvalidID (0.00s)
=== RUN   TestListProductPromotionsAPI
=== RUN   TestListProductPromotionsAPI/OK
2024/07/17 22:40:48.697972 app.go:999: [Warn] failed to load views: CreateFile ./web/views: The system cannot find the path specified.
=== RUN   TestListProductPromotionsAPI/InternalError
2024/07/17 22:40:48.699135 app.go:999: [Warn] failed to load views: CreateFile ./web/views: The system cannot find the path specified.
=== RUN   TestListProductPromotionsAPI/InvalidPageID
2024/07/17 22:40:48.699135 app.go:999: [Warn] failed to load views: CreateFile ./web/views: The system cannot find the path specified.
=== RUN   TestListProductPromotionsAPI/InvalidPageSize
2024/07/17 22:40:48.699641 app.go:999: [Warn] failed to load views: CreateFile ./web/views: The system cannot find the path specified.
--- PASS: TestListProductPromotionsAPI (0.00s)
    --- PASS: TestListProductPromotionsAPI/OK (0.00s)
    --- PASS: TestListProductPromotionsAPI/InternalError (0.00s)
    --- PASS: TestListProductPromotionsAPI/InvalidPageID (0.00s)
    --- PASS: TestListProductPromotionsAPI/InvalidPageSize (0.00s)
=== RUN   TestDeletePromotionAPI
=== RUN   TestDeletePromotionAPI/OK
2024/07/17 22:40:48.742763 app.go:999: [Warn] failed to load views: CreateFile ./web/views: The system cannot find the path specified.
=== RUN   TestDeletePromotionAPI/Unauthorized
2024/07/17 22:40:48.743295 app.go:999: [Warn] failed to load views: CreateFile ./web/views: The system cannot find the path specified.
=== RUN   TestDeletePromotionAPI/NoAuthorization
2024/07/17 22:40:48.743844 app.go:999: [Warn] failed to load views: CreateFile ./web/views: The system cannot find the path specified.
=== RUN   TestDeletePromotionAPI/NotFound
2024/07/17 22:40:48.744361 app.go:999: [Warn] failed to load views: CreateFile ./web/views: The system cannot find the path specified.
=== RUN   TestDeletePromotionAPI/InternalError
2024/07/17 22:40:48.744361 app.go:999: [Warn] failed to load views: CreateFile ./web/views: The system cannot find the path specified.
=== RUN   TestDeletePromotionAPI/InvalidID
2024/07/17 22:40:48.744916 app.go:999: [Warn] failed to load views: CreateFile ./web/views: The system cannot find the path specified.
--- PASS: TestDeletePromotionAPI (0.05s)
    --- PASS: TestDeletePromotionAPI/OK (0.00s)
    --- PASS: TestDeletePromotionAPI/Unauthorized (0.00s)
    --- PASS: TestDeletePromotionAPI/NoAuthorization (0.00s)
    --- PASS: TestDeletePromotionAPI/NotFound (0.00s)
    --- PASS: TestDeletePromotionAPI/InternalError (0.00s)
    --- PASS: TestDeletePromotionAPI/InvalidID (0.00s)
=== RUN   TestDeleteBrandPromotionAPI
=== RUN   TestDeleteBrandPromotionAPI/OK
2024/07/17 22:40:48.789129 app.go:999: [Warn] failed to load views: CreateFile ./web/views: The system cannot find the path specified.
=== RUN   TestDeleteBrandPromotionAPI/Unauthorized
2024/07/17 22:40:48.789634 app.go:999: [Warn] failed to load views: CreateFile ./web/views: The system cannot find the path specified.
=== RUN   TestDeleteBrandPromotionAPI/NoAuthorization
2024/07/17 22:40:48.790154 app.go:999: [Warn] failed to load views: CreateFile ./web/views: The system cannot find the path specified.
=== RUN   TestDeleteBrandPromotionAPI/NotFound
2024/07/17 22:40:48.790666 app.go:999: [Warn] failed to load views: CreateFile ./web/views: The system cannot find the path specified.
=== RUN   TestDeleteBrandPromotionAPI/InternalError
2024/07/17 22:40:48.790666 app.go:999: [Warn] failed to load views: CreateFile ./web/views: The system cannot find the path specified.
=== RUN   TestDeleteBrandPromotionAPI/InvalidID
2024/07/17 22:40:48.791199 app.go:999: [Warn] failed to load views: CreateFile ./web/views: The system cannot find the path specified.
--- PASS: TestDeleteBrandPromotionAPI (0.05s)
    --- PASS: TestDeleteBrandPromotionAPI/OK (0.00s)
    --- PASS: TestDeleteBrandPromotionAPI/Unauthorized (0.00s)
    --- PASS: TestDeleteBrandPromotionAPI/NoAuthorization (0.00s)
    --- PASS: TestDeleteBrandPromotionAPI/NotFound (0.00s)
    --- PASS: TestDeleteBrandPromotionAPI/InternalError (0.00s)
    --- PASS: TestDeleteBrandPromotionAPI/InvalidID (0.00s)
=== RUN   TestListProductConfigurationsAPI
=== RUN   TestListProductConfigurationsAPI/OK
2024/07/17 22:40:48.791732 app.go:999: [Warn] failed to load views: CreateFile ./web/views: The system cannot find the path specified.
=== RUN   TestListProductConfigurationsAPI/InternalError
2024/07/17 22:40:48.792260 app.go:999: [Warn] failed to load views: CreateFile ./web/views: The system cannot find the path specified.
=== RUN   TestListProductConfigurationsAPI/InvalidPageID
2024/07/17 22:40:48.792774 app.go:999: [Warn] failed to load views: CreateFile ./web/views: The system cannot find the path specified.
=== RUN   TestListProductConfigurationsAPI/InvalidPageSize
2024/07/17 22:40:48.793288 app.go:999: [Warn] failed to load views: CreateFile ./web/views: The system cannot find the path specified.
=== RUN   TestListProductConfigurationsAPI/OK#01
2024/07/17 22:40:48.793822 app.go:999: [Warn] failed to load views: CreateFile ./web/views: The system cannot find the path specified.
=== RUN   TestListProductConfigurationsAPI/InternalError#01
2024/07/17 22:40:48.794335 app.go:999: [Warn] failed to load views: CreateFile ./web/views: The system cannot find the path specified.
=== RUN   TestListProductConfigurationsAPI/InvalidPageID#01
2024/07/17 22:40:48.794335 app.go:999: [Warn] failed to load views: CreateFile ./web/views: The system cannot find the path specified.
=== RUN   TestListProductConfigurationsAPI/InvalidPageSize#01
2024/07/17 22:40:48.794857 app.go:999: [Warn] failed to load views: CreateFile ./web/views: The system cannot find the path specified.
=== RUN   TestListProductConfigurationsAPI/OK#02
2024/07/17 22:40:48.795401 app.go:999: [Warn] failed to load views: CreateFile ./web/views: The system cannot find the path specified.
=== RUN   TestListProductConfigurationsAPI/InternalError#02
2024/07/17 22:40:48.795952 app.go:999: [Warn] failed to load views: CreateFile ./web/views: The system cannot find the path specified.
=== RUN   TestListProductConfigurationsAPI/InvalidPageID#02
2024/07/17 22:40:48.796473 app.go:999: [Warn] failed to load views: CreateFile ./web/views: The system cannot find the path specified.
=== RUN   TestListProductConfigurationsAPI/InvalidPageSize#02
2024/07/17 22:40:48.796473 app.go:999: [Warn] failed to load views: CreateFile ./web/views: The system cannot find the path specified.
=== RUN   TestListProductConfigurationsAPI/OK#03
2024/07/17 22:40:48.797023 app.go:999: [Warn] failed to load views: CreateFile ./web/views: The system cannot find the path specified.
=== RUN   TestListProductConfigurationsAPI/InternalError#03
2024/07/17 22:40:48.797551 app.go:999: [Warn] failed to load views: CreateFile ./web/views: The system cannot find the path specified.
=== RUN   TestListProductConfigurationsAPI/InvalidPageID#03
2024/07/17 22:40:48.798071 app.go:999: [Warn] failed to load views: CreateFile ./web/views: The system cannot find the path specified.
=== RUN   TestListProductConfigurationsAPI/InvalidPageSize#03
2024/07/17 22:40:48.798590 app.go:999: [Warn] failed to load views: CreateFile ./web/views: The system cannot find the path specified.
=== RUN   TestListProductConfigurationsAPI/OK#04
2024/07/17 22:40:48.799107 app.go:999: [Warn] failed to load views: CreateFile ./web/views: The system cannot find the path specified.
=== RUN   TestListProductConfigurationsAPI/InternalError#04
2024/07/17 22:40:48.799629 app.go:999: [Warn] failed to load views: CreateFile ./web/views: The system cannot find the path specified.
=== RUN   TestListProductConfigurationsAPI/InvalidPageID#04
2024/07/17 22:40:48.800170 app.go:999: [Warn] failed to load views: CreateFile ./web/views: The system cannot find the path specified.
=== RUN   TestListProductConfigurationsAPI/InvalidPageSize#04
2024/07/17 22:40:48.800683 app.go:999: [Warn] failed to load views: CreateFile ./web/views: The system cannot find the path specified.
--- PASS: TestListProductConfigurationsAPI (0.01s)
    --- PASS: TestListProductConfigurationsAPI/OK (0.00s)
    --- PASS: TestListProductConfigurationsAPI/InternalError (0.00s)
    --- PASS: TestListProductConfigurationsAPI/InvalidPageID (0.00s)
    --- PASS: TestListProductConfigurationsAPI/InvalidPageSize (0.00s)
    --- PASS: TestListProductConfigurationsAPI/OK#01 (0.00s)
    --- PASS: TestListProductConfigurationsAPI/InternalError#01 (0.00s)
    --- PASS: TestListProductConfigurationsAPI/InvalidPageID#01 (0.00s)
    --- PASS: TestListProductConfigurationsAPI/InvalidPageSize#01 (0.00s)
    --- PASS: TestListProductConfigurationsAPI/OK#02 (0.00s)
    --- PASS: TestListProductConfigurationsAPI/InternalError#02 (0.00s)
    --- PASS: TestListProductConfigurationsAPI/InvalidPageID#02 (0.00s)
    --- PASS: TestListProductConfigurationsAPI/InvalidPageSize#02 (0.00s)
    --- PASS: TestListProductConfigurationsAPI/OK#03 (0.00s)
    --- PASS: TestListProductConfigurationsAPI/InternalError#03 (0.00s)
    --- PASS: TestListProductConfigurationsAPI/InvalidPageID#03 (0.00s)
    --- PASS: TestListProductConfigurationsAPI/InvalidPageSize#03 (0.00s)
    --- PASS: TestListProductConfigurationsAPI/OK#04 (0.00s)
    --- PASS: TestListProductConfigurationsAPI/InternalError#04 (0.00s)
    --- PASS: TestListProductConfigurationsAPI/InvalidPageID#04 (0.00s)
    --- PASS: TestListProductConfigurationsAPI/InvalidPageSize#04 (0.00s)
=== RUN   TestUpdateBrandPromotionAPI
=== RUN   TestUpdateBrandPromotionAPI/OK
2024/07/17 22:40:48.843815 app.go:999: [Warn] failed to load views: CreateFile ./web/views: The system cannot find the path specified.
=== RUN   TestUpdateBrandPromotionAPI/Unauthorized
2024/07/17 22:40:48.844332 app.go:999: [Warn] failed to load views: CreateFile ./web/views: The system cannot find the path specified.
=== RUN   TestUpdateBrandPromotionAPI/NoAuthorization
2024/07/17 22:40:48.845342 app.go:999: [Warn] failed to load views: CreateFile ./web/views: The system cannot find the path specified.
=== RUN   TestUpdateBrandPromotionAPI/InternalError
2024/07/17 22:40:48.846401 app.go:999: [Warn] failed to load views: CreateFile ./web/views: The system cannot find the path specified.
=== RUN   TestUpdateBrandPromotionAPI/InvalidID
2024/07/17 22:40:48.846931 app.go:999: [Warn] failed to load views: CreateFile ./web/views: The system cannot find the path specified.
--- PASS: TestUpdateBrandPromotionAPI (0.05s)
    --- PASS: TestUpdateBrandPromotionAPI/OK (0.00s)
    --- PASS: TestUpdateBrandPromotionAPI/Unauthorized (0.00s)
    --- PASS: TestUpdateBrandPromotionAPI/NoAuthorization (0.00s)
    --- PASS: TestUpdateBrandPromotionAPI/InternalError (0.00s)
    --- PASS: TestUpdateBrandPromotionAPI/InvalidID (0.00s)
=== RUN   TestCreateProductPromotionAPI
=== RUN   TestCreateProductPromotionAPI/OK
2024/07/17 22:40:48.891107 app.go:999: [Warn] failed to load views: CreateFile ./web/views: The system cannot find the path specified.
=== RUN   TestCreateProductPromotionAPI/NoAuthorization
2024/07/17 22:40:48.892655 app.go:999: [Warn] failed to load views: CreateFile ./web/views: The system cannot find the path specified.
=== RUN   TestCreateProductPromotionAPI/Unauthorized
2024/07/17 22:40:48.893196 app.go:999: [Warn] failed to load views: CreateFile ./web/views: The system cannot find the path specified.
=== RUN   TestCreateProductPromotionAPI/InternalError
2024/07/17 22:40:48.893719 app.go:999: [Warn] failed to load views: CreateFile ./web/views: The system cannot find the path specified.
=== RUN   TestCreateProductPromotionAPI/InvalidID
2024/07/17 22:40:48.894236 app.go:999: [Warn] failed to load views: CreateFile ./web/views: The system cannot find the path specified.
--- PASS: TestCreateProductPromotionAPI (0.05s)
    --- PASS: TestCreateProductPromotionAPI/OK (0.00s)
    --- PASS: TestCreateProductPromotionAPI/NoAuthorization (0.00s)
    --- PASS: TestCreateProductPromotionAPI/Unauthorized (0.00s)
    --- PASS: TestCreateProductPromotionAPI/InternalError (0.00s)
    --- PASS: TestCreateProductPromotionAPI/InvalidID (0.00s)
=== RUN   TestGetVariationOptionAPI
=== RUN   TestGetVariationOptionAPI/OK
2024/07/17 22:40:48.894764 app.go:999: [Warn] failed to load views: CreateFile ./web/views: The system cannot find the path specified.
=== RUN   TestGetVariationOptionAPI/NotFound
2024/07/17 22:40:48.895820 app.go:999: [Warn] failed to load views: CreateFile ./web/views: The system cannot find the path specified.
=== RUN   TestGetVariationOptionAPI/InternalError
2024/07/17 22:40:48.896867 app.go:999: [Warn] failed to load views: CreateFile ./web/views: The system cannot find the path specified.
=== RUN   TestGetVariationOptionAPI/InvalidID
2024/07/17 22:40:48.898735 app.go:999: [Warn] failed to load views: CreateFile ./web/views: The system cannot find the path specified.
--- PASS: TestGetVariationOptionAPI (0.00s)
    --- PASS: TestGetVariationOptionAPI/OK (0.00s)
    --- PASS: TestGetVariationOptionAPI/NotFound (0.00s)
    --- PASS: TestGetVariationOptionAPI/InternalError (0.00s)
    --- PASS: TestGetVariationOptionAPI/InvalidID (0.00s)
=== RUN   TestUpdateUserReviewAPI
=== RUN   TestUpdateUserReviewAPI/OK
2024/07/17 22:40:48.941979 app.go:999: [Warn] failed to load views: CreateFile ./web/views: The system cannot find the path specified.
=== RUN   TestUpdateUserReviewAPI/NoAuthorization
2024/07/17 22:40:48.943627 app.go:999: [Warn] failed to load views: CreateFile ./web/views: The system cannot find the path specified.
=== RUN   TestUpdateUserReviewAPI/InternalError
2024/07/17 22:40:48.944140 app.go:999: [Warn] failed to load views: CreateFile ./web/views: The system cannot find the path specified.
=== RUN   TestUpdateUserReviewAPI/InvalidUserID
2024/07/17 22:40:48.944676 app.go:999: [Warn] failed to load views: CreateFile ./web/views: The system cannot find the path specified.
--- PASS: TestUpdateUserReviewAPI (0.05s)
    --- PASS: TestUpdateUserReviewAPI/OK (0.00s)
    --- PASS: TestUpdateUserReviewAPI/NoAuthorization (0.00s)
    --- PASS: TestUpdateUserReviewAPI/InternalError (0.00s)
    --- PASS: TestUpdateUserReviewAPI/InvalidUserID (0.00s)
=== RUN   TestDeleteShoppingCartItemAllByUserAPI
=== RUN   TestDeleteShoppingCartItemAllByUserAPI/OK
2024/07/17 22:40:48.987845 app.go:999: [Warn] failed to load views: CreateFile ./web/views: The system cannot find the path specified.
=== RUN   TestDeleteShoppingCartItemAllByUserAPI/NotFound
2024/07/17 22:40:48.988846 app.go:999: [Warn] failed to load views: CreateFile ./web/views: The system cannot find the path specified.
=== RUN   TestDeleteShoppingCartItemAllByUserAPI/InternalError
2024/07/17 22:40:48.989349 app.go:999: [Warn] failed to load views: CreateFile ./web/views: The system cannot find the path specified.
=== RUN   TestDeleteShoppingCartItemAllByUserAPI/InvalidID
2024/07/17 22:40:48.989871 app.go:999: [Warn] failed to load views: CreateFile ./web/views: The system cannot find the path specified.
--- PASS: TestDeleteShoppingCartItemAllByUserAPI (0.05s)
    --- PASS: TestDeleteShoppingCartItemAllByUserAPI/OK (0.00s)
    --- PASS: TestDeleteShoppingCartItemAllByUserAPI/NotFound (0.00s)
    --- PASS: TestDeleteShoppingCartItemAllByUserAPI/InternalError (0.00s)
    --- PASS: TestDeleteShoppingCartItemAllByUserAPI/InvalidID (0.00s)
=== RUN   TestUpdateProductCategoryAPI
=== RUN   TestUpdateProductCategoryAPI/OK
2024/07/17 22:40:49.033100 app.go:999: [Warn] failed to load views: CreateFile ./web/views: The system cannot find the path specified.
=== RUN   TestUpdateProductCategoryAPI/Unauthorized
2024/07/17 22:40:49.034765 app.go:999: [Warn] failed to load views: CreateFile ./web/views: The system cannot find the path specified.
=== RUN   TestUpdateProductCategoryAPI/NoAuthorization
2024/07/17 22:40:49.035268 app.go:999: [Warn] failed to load views: CreateFile ./web/views: The system cannot find the path specified.
=== RUN   TestUpdateProductCategoryAPI/InternalError
2024/07/17 22:40:49.035268 app.go:999: [Warn] failed to load views: CreateFile ./web/views: The system cannot find the path specified.
=== RUN   TestUpdateProductCategoryAPI/InvalidID
2024/07/17 22:40:49.035821 app.go:999: [Warn] failed to load views: CreateFile ./web/views: The system cannot find the path specified.
--- PASS: TestUpdateProductCategoryAPI (0.05s)
    --- PASS: TestUpdateProductCategoryAPI/OK (0.00s)
    --- PASS: TestUpdateProductCategoryAPI/Unauthorized (0.00s)
    --- PASS: TestUpdateProductCategoryAPI/NoAuthorization (0.00s)
    --- PASS: TestUpdateProductCategoryAPI/InternalError (0.00s)
    --- PASS: TestUpdateProductCategoryAPI/InvalidID (0.00s)
=== RUN   TestListUsersAPI
=== RUN   TestListUsersAPI/OK
2024/07/17 22:40:49.290511 app.go:999: [Warn] failed to load views: CreateFile ./web/views: The system cannot find the path specified.
=== RUN   TestListUsersAPI/Unauthorized
2024/07/17 22:40:49.292095 app.go:999: [Warn] failed to load views: CreateFile ./web/views: The system cannot find the path specified.
=== RUN   TestListUsersAPI/No_authorization
2024/07/17 22:40:49.292095 app.go:999: [Warn] failed to load views: CreateFile ./web/views: The system cannot find the path specified.
=== RUN   TestListUsersAPI/InternalError
2024/07/17 22:40:49.292605 app.go:999: [Warn] failed to load views: CreateFile ./web/views: The system cannot find the path specified.
=== RUN   TestListUsersAPI/InvalidPageID
2024/07/17 22:40:49.293128 app.go:999: [Warn] failed to load views: CreateFile ./web/views: The system cannot find the path specified.
=== RUN   TestListUsersAPI/InvalidPageSize
2024/07/17 22:40:49.293672 app.go:999: [Warn] failed to load views: CreateFile ./web/views: The system cannot find the path specified.
--- PASS: TestListUsersAPI (0.26s)
    --- PASS: TestListUsersAPI/OK (0.00s)
    --- PASS: TestListUsersAPI/Unauthorized (0.00s)
    --- PASS: TestListUsersAPI/No_authorization (0.00s)
    --- PASS: TestListUsersAPI/InternalError (0.00s)
    --- PASS: TestListUsersAPI/InvalidPageID (0.00s)
    --- PASS: TestListUsersAPI/InvalidPageSize (0.00s)
=== RUN   TestDeleteCategoryPromotionAPI
=== RUN   TestDeleteCategoryPromotionAPI/OK
2024/07/17 22:40:49.336075 app.go:999: [Warn] failed to load views: CreateFile ./web/views: The system cannot find the path specified.
=== RUN   TestDeleteCategoryPromotionAPI/Unauthorized
2024/07/17 22:40:49.336578 app.go:999: [Warn] failed to load views: CreateFile ./web/views: The system cannot find the path specified.
=== RUN   TestDeleteCategoryPromotionAPI/NoAuthorization
2024/07/17 22:40:49.337101 app.go:999: [Warn] failed to load views: CreateFile ./web/views: The system cannot find the path specified.
=== RUN   TestDeleteCategoryPromotionAPI/NotFound
2024/07/17 22:40:49.337101 app.go:999: [Warn] failed to load views: CreateFile ./web/views: The system cannot find the path specified.
=== RUN   TestDeleteCategoryPromotionAPI/InternalError
2024/07/17 22:40:49.337625 app.go:999: [Warn] failed to load views: CreateFile ./web/views: The system cannot find the path specified.
=== RUN   TestDeleteCategoryPromotionAPI/InvalidID
2024/07/17 22:40:49.338140 app.go:999: [Warn] failed to load views: CreateFile ./web/views: The system cannot find the path specified.
--- PASS: TestDeleteCategoryPromotionAPI (0.04s)
    --- PASS: TestDeleteCategoryPromotionAPI/OK (0.00s)
    --- PASS: TestDeleteCategoryPromotionAPI/Unauthorized (0.00s)
    --- PASS: TestDeleteCategoryPromotionAPI/NoAuthorization (0.00s)
    --- PASS: TestDeleteCategoryPromotionAPI/NotFound (0.00s)
    --- PASS: TestDeleteCategoryPromotionAPI/InternalError (0.00s)
    --- PASS: TestDeleteCategoryPromotionAPI/InvalidID (0.00s)
=== RUN   TestListShopOrderAPI
=== RUN   TestListShopOrderAPI/OK
2024/07/17 22:40:49.381385 app.go:999: [Warn] failed to load views: CreateFile ./web/views: The system cannot find the path specified.
=== RUN   TestListShopOrderAPI/NoAuthorization
2024/07/17 22:40:49.383062 app.go:999: [Warn] failed to load views: CreateFile ./web/views: The system cannot find the path specified.
=== RUN   TestListShopOrderAPI/InternalError
2024/07/17 22:40:49.383062 app.go:999: [Warn] failed to load views: CreateFile ./web/views: The system cannot find the path specified.
=== RUN   TestListShopOrderAPI/InvalidUserID
2024/07/17 22:40:49.383566 app.go:999: [Warn] failed to load views: CreateFile ./web/views: The system cannot find the path specified.
--- PASS: TestListShopOrderAPI (0.05s)
    --- PASS: TestListShopOrderAPI/OK (0.00s)
    --- PASS: TestListShopOrderAPI/NoAuthorization (0.00s)
    --- PASS: TestListShopOrderAPI/InternalError (0.00s)
    --- PASS: TestListShopOrderAPI/InvalidUserID (0.00s)
=== RUN   TestCreateWishListItemAPI
=== RUN   TestCreateWishListItemAPI/OK
2024/07/17 22:40:49.427229 app.go:999: [Warn] failed to load views: CreateFile ./web/views: The system cannot find the path specified.
=== RUN   TestCreateWishListItemAPI/NoAuthorization
2024/07/17 22:40:49.428907 app.go:999: [Warn] failed to load views: CreateFile ./web/views: The system cannot find the path specified.
=== RUN   TestCreateWishListItemAPI/InternalError
2024/07/17 22:40:49.429428 app.go:999: [Warn] failed to load views: CreateFile ./web/views: The system cannot find the path specified.
=== RUN   TestCreateWishListItemAPI/InvalidUserID
2024/07/17 22:40:49.429948 app.go:999: [Warn] failed to load views: CreateFile ./web/views: The system cannot find the path specified.
--- PASS: TestCreateWishListItemAPI (0.05s)
    --- PASS: TestCreateWishListItemAPI/OK (0.00s)
    --- PASS: TestCreateWishListItemAPI/NoAuthorization (0.00s)
    --- PASS: TestCreateWishListItemAPI/InternalError (0.00s)
    --- PASS: TestCreateWishListItemAPI/InvalidUserID (0.00s)
=== RUN   TestCreateShoppingCartItemAPI
=== RUN   TestCreateShoppingCartItemAPI/OK
2024/07/17 22:40:49.475187 app.go:999: [Warn] failed to load views: CreateFile ./web/views: The system cannot find the path specified.
=== RUN   TestCreateShoppingCartItemAPI/NoAuthorization
2024/07/17 22:40:49.477024 app.go:999: [Warn] failed to load views: CreateFile ./web/views: The system cannot find the path specified.
=== RUN   TestCreateShoppingCartItemAPI/InternalError
2024/07/17 22:40:49.477531 app.go:999: [Warn] failed to load views: CreateFile ./web/views: The system cannot find the path specified.
=== RUN   TestCreateShoppingCartItemAPI/InvalidUserID
2024/07/17 22:40:49.477531 app.go:999: [Warn] failed to load views: CreateFile ./web/views: The system cannot find the path specified.
--- PASS: TestCreateShoppingCartItemAPI (0.05s)
    --- PASS: TestCreateShoppingCartItemAPI/OK (0.00s)
    --- PASS: TestCreateShoppingCartItemAPI/NoAuthorization (0.00s)
    --- PASS: TestCreateShoppingCartItemAPI/InternalError (0.00s)
    --- PASS: TestCreateShoppingCartItemAPI/InvalidUserID (0.00s)
=== RUN   TestDeleteNotificationAPI
=== RUN   TestDeleteNotificationAPI/OK
2024/07/17 22:40:49.522614 app.go:999: [Warn] failed to load views: CreateFile ./web/views: The system cannot find the path specified.
=== RUN   TestDeleteNotificationAPI/NotFound
2024/07/17 22:40:49.523670 app.go:999: [Warn] failed to load views: CreateFile ./web/views: The system cannot find the path specified.
=== RUN   TestDeleteNotificationAPI/InternalError
2024/07/17 22:40:49.524185 app.go:999: [Warn] failed to load views: CreateFile ./web/views: The system cannot find the path specified.
=== RUN   TestDeleteNotificationAPI/InvalidID
2024/07/17 22:40:49.524185 app.go:999: [Warn] failed to load views: CreateFile ./web/views: The system cannot find the path specified.
--- PASS: TestDeleteNotificationAPI (0.05s)
    --- PASS: TestDeleteNotificationAPI/OK (0.00s)
    --- PASS: TestDeleteNotificationAPI/NotFound (0.00s)
    --- PASS: TestDeleteNotificationAPI/InternalError (0.00s)
    --- PASS: TestDeleteNotificationAPI/InvalidID (0.00s)
=== RUN   TestListProductItemsWithBrandPromotionsAPI
=== RUN   TestListProductItemsWithBrandPromotionsAPI/OK
2024/07/17 22:40:49.524711 app.go:999: [Warn] failed to load views: CreateFile ./web/views: The system cannot find the path specified.
=== RUN   TestListProductItemsWithBrandPromotionsAPI/InternalError
2024/07/17 22:40:49.527879 app.go:999: [Warn] failed to load views: CreateFile ./web/views: The system cannot find the path specified.
=== RUN   TestListProductItemsWithBrandPromotionsAPI/InvalidLimit
2024/07/17 22:40:49.528414 app.go:999: [Warn] failed to load views: CreateFile ./web/views: The system cannot find the path specified.
--- PASS: TestListProductItemsWithBrandPromotionsAPI (0.00s)
    --- PASS: TestListProductItemsWithBrandPromotionsAPI/OK (0.00s)
    --- PASS: TestListProductItemsWithBrandPromotionsAPI/InternalError (0.00s)
    --- PASS: TestListProductItemsWithBrandPromotionsAPI/InvalidLimit (0.00s)
=== RUN   TestListProductCategoriesAPI
=== RUN   TestListProductCategoriesAPI/OK
2024/07/17 22:40:49.528943 app.go:999: [Warn] failed to load views: CreateFile ./web/views: The system cannot find the path specified.
=== RUN   TestListProductCategoriesAPI/InternalError
2024/07/17 22:40:49.529992 app.go:999: [Warn] failed to load views: CreateFile ./web/views: The system cannot find the path specified.
--- PASS: TestListProductCategoriesAPI (0.00s)
    --- PASS: TestListProductCategoriesAPI/OK (0.00s)
    --- PASS: TestListProductCategoriesAPI/InternalError (0.00s)
=== RUN   TestListProductsAPI
=== RUN   TestListProductsAPI/OK
2024/07/17 22:40:49.529992 app.go:999: [Warn] failed to load views: CreateFile ./web/views: The system cannot find the path specified.
=== RUN   TestListProductsAPI/InternalError
2024/07/17 22:40:49.531504 app.go:999: [Warn] failed to load views: CreateFile ./web/views: The system cannot find the path specified.
=== RUN   TestListProductsAPI/InvalidPageID
2024/07/17 22:40:49.532035 app.go:999: [Warn] failed to load views: CreateFile ./web/views: The system cannot find the path specified.
=== RUN   TestListProductsAPI/InvalidPageSize
2024/07/17 22:40:49.532563 app.go:999: [Warn] failed to load views: CreateFile ./web/views: The system cannot find the path specified.
--- PASS: TestListProductsAPI (0.00s)
    --- PASS: TestListProductsAPI/OK (0.00s)
    --- PASS: TestListProductsAPI/InternalError (0.00s)
    --- PASS: TestListProductsAPI/InvalidPageID (0.00s)
    --- PASS: TestListProductsAPI/InvalidPageSize (0.00s)
=== RUN   TestListShopOrdersV2API
=== RUN   TestListShopOrdersV2API/OK
2024/07/17 22:40:49.576316 app.go:999: [Warn] failed to load views: CreateFile ./web/views: The system cannot find the path specified.
=== RUN   TestListShopOrdersV2API/No_Authorization
2024/07/17 22:40:49.578181 app.go:999: [Warn] failed to load views: CreateFile ./web/views: The system cannot find the path specified.
=== RUN   TestListShopOrdersV2API/InternalError
2024/07/17 22:40:49.578739 app.go:999: [Warn] failed to load views: CreateFile ./web/views: The system cannot find the path specified.
--- PASS: TestListShopOrdersV2API (0.05s)
    --- PASS: TestListShopOrdersV2API/OK (0.00s)
    --- PASS: TestListShopOrdersV2API/No_Authorization (0.00s)
    --- PASS: TestListShopOrdersV2API/InternalError (0.00s)
=== RUN   TestUpdateVariationOptionAPI
=== RUN   TestUpdateVariationOptionAPI/OK
2024/07/17 22:40:49.622704 app.go:999: [Warn] failed to load views: CreateFile ./web/views: The system cannot find the path specified.
=== RUN   TestUpdateVariationOptionAPI/Unauthorized
2024/07/17 22:40:49.623737 app.go:999: [Warn] failed to load views: CreateFile ./web/views: The system cannot find the path specified.
=== RUN   TestUpdateVariationOptionAPI/NoAuthorization
2024/07/17 22:40:49.624783 app.go:999: [Warn] failed to load views: CreateFile ./web/views: The system cannot find the path specified.
=== RUN   TestUpdateVariationOptionAPI/InternalError
2024/07/17 22:40:49.625307 app.go:999: [Warn] failed to load views: CreateFile ./web/views: The system cannot find the path specified.
=== RUN   TestUpdateVariationOptionAPI/InvalidID
2024/07/17 22:40:49.625852 app.go:999: [Warn] failed to load views: CreateFile ./web/views: The system cannot find the path specified.
--- PASS: TestUpdateVariationOptionAPI (0.05s)
    --- PASS: TestUpdateVariationOptionAPI/OK (0.00s)
    --- PASS: TestUpdateVariationOptionAPI/Unauthorized (0.00s)
    --- PASS: TestUpdateVariationOptionAPI/NoAuthorization (0.00s)
    --- PASS: TestUpdateVariationOptionAPI/InternalError (0.00s)
    --- PASS: TestUpdateVariationOptionAPI/InvalidID (0.00s)
=== RUN   TestUpdateUserAPI
=== RUN   TestUpdateUserAPI/OK
2024/07/17 22:40:49.668544 app.go:999: [Warn] failed to load views: CreateFile ./web/views: The system cannot find the path specified.
=== RUN   TestUpdateUserAPI/NoAuthorization
2024/07/17 22:40:49.673291 app.go:999: [Warn] failed to load views: CreateFile ./web/views: The system cannot find the path specified.
=== RUN   TestUpdateUserAPI/InternalError
2024/07/17 22:40:49.673800 app.go:999: [Warn] failed to load views: CreateFile ./web/views: The system cannot find the path specified.
=== RUN   TestUpdateUserAPI/InvalidID
2024/07/17 22:40:49.674319 app.go:999: [Warn] failed to load views: CreateFile ./web/views: The system cannot find the path specified.
--- PASS: TestUpdateUserAPI (0.05s)
    --- PASS: TestUpdateUserAPI/OK (0.00s)
    --- PASS: TestUpdateUserAPI/NoAuthorization (0.00s)
    --- PASS: TestUpdateUserAPI/InternalError (0.00s)
    --- PASS: TestUpdateUserAPI/InvalidID (0.00s)
=== RUN   TestCreateProductItemAPI
=== RUN   TestCreateProductItemAPI/OK
2024/07/17 22:40:49.717638 app.go:999: [Warn] failed to load views: CreateFile ./web/views: The system cannot find the path specified.
=== RUN   TestCreateProductItemAPI/NoAuthorization
2024/07/17 22:40:49.719420 app.go:999: [Warn] failed to load views: CreateFile ./web/views: The system cannot find the path specified.
=== RUN   TestCreateProductItemAPI/Unauthorized
2024/07/17 22:40:49.719930 app.go:999: [Warn] failed to load views: CreateFile ./web/views: The system cannot find the path specified.
=== RUN   TestCreateProductItemAPI/InternalError
2024/07/17 22:40:49.720453 app.go:999: [Warn] failed to load views: CreateFile ./web/views: The system cannot find the path specified.
=== RUN   TestCreateProductItemAPI/InvalidID
2024/07/17 22:40:49.720967 app.go:999: [Warn] failed to load views: CreateFile ./web/views: The system cannot find the path specified.
--- PASS: TestCreateProductItemAPI (0.05s)
    --- PASS: TestCreateProductItemAPI/OK (0.00s)
    --- PASS: TestCreateProductItemAPI/NoAuthorization (0.00s)
    --- PASS: TestCreateProductItemAPI/Unauthorized (0.00s)
    --- PASS: TestCreateProductItemAPI/InternalError (0.00s)
    --- PASS: TestCreateProductItemAPI/InvalidID (0.00s)
=== RUN   TestListCategoryPromotionsAPI
=== RUN   TestListCategoryPromotionsAPI/OK
2024/07/17 22:40:49.721479 app.go:999: [Warn] failed to load views: CreateFile ./web/views: The system cannot find the path specified.
=== RUN   TestListCategoryPromotionsAPI/InternalError
2024/07/17 22:40:49.722551 app.go:999: [Warn] failed to load views: CreateFile ./web/views: The system cannot find the path specified.
=== RUN   TestListCategoryPromotionsAPI/InvalidPageID
2024/07/17 22:40:49.722551 app.go:999: [Warn] failed to load views: CreateFile ./web/views: The system cannot find the path specified.
=== RUN   TestListCategoryPromotionsAPI/InvalidPageSize
2024/07/17 22:40:49.723101 app.go:999: [Warn] failed to load views: CreateFile ./web/views: The system cannot find the path specified.
--- PASS: TestListCategoryPromotionsAPI (0.00s)
    --- PASS: TestListCategoryPromotionsAPI/OK (0.00s)
    --- PASS: TestListCategoryPromotionsAPI/InternalError (0.00s)
    --- PASS: TestListCategoryPromotionsAPI/InvalidPageID (0.00s)
    --- PASS: TestListCategoryPromotionsAPI/InvalidPageSize (0.00s)
=== RUN   TestCreateHomePageTextBannerAPI
=== RUN   TestCreateHomePageTextBannerAPI/OK
2024/07/17 22:40:49.765987 app.go:999: [Warn] failed to load views: CreateFile ./web/views: The system cannot find the path specified.
=== RUN   TestCreateHomePageTextBannerAPI/NoAuthorization
2024/07/17 22:40:49.768062 app.go:999: [Warn] failed to load views: CreateFile ./web/views: The system cannot find the path specified.
=== RUN   TestCreateHomePageTextBannerAPI/Unauthorized
2024/07/17 22:40:49.768582 app.go:999: [Warn] failed to load views: CreateFile ./web/views: The system cannot find the path specified.
=== RUN   TestCreateHomePageTextBannerAPI/InternalError
2024/07/17 22:40:49.769104 app.go:999: [Warn] failed to load views: CreateFile ./web/views: The system cannot find the path specified.
=== RUN   TestCreateHomePageTextBannerAPI/InvalidID
2024/07/17 22:40:49.769621 app.go:999: [Warn] failed to load views: CreateFile ./web/views: The system cannot find the path specified.
--- PASS: TestCreateHomePageTextBannerAPI (0.05s)
    --- PASS: TestCreateHomePageTextBannerAPI/OK (0.00s)
    --- PASS: TestCreateHomePageTextBannerAPI/NoAuthorization (0.00s)
    --- PASS: TestCreateHomePageTextBannerAPI/Unauthorized (0.00s)
    --- PASS: TestCreateHomePageTextBannerAPI/InternalError (0.00s)
    --- PASS: TestCreateHomePageTextBannerAPI/InvalidID (0.00s)
=== RUN   TestGetUserAPI
=== RUN   TestGetUserAPI/OK
2024/07/17 22:40:49.812841 app.go:999: [Warn] failed to load views: CreateFile ./web/views: The system cannot find the path specified.
=== RUN   TestGetUserAPI/NoAuthorization
2024/07/17 22:40:49.813348 app.go:999: [Warn] failed to load views: CreateFile ./web/views: The system cannot find the path specified.
=== RUN   TestGetUserAPI/UnauthorizedUser
2024/07/17 22:40:49.813874 app.go:999: [Warn] failed to load views: CreateFile ./web/views: The system cannot find the path specified.
=== RUN   TestGetUserAPI/NotFound
2024/07/17 22:40:49.814388 app.go:999: [Warn] failed to load views: CreateFile ./web/views: The system cannot find the path specified.
=== RUN   TestGetUserAPI/InternalError
2024/07/17 22:40:49.814940 app.go:999: [Warn] failed to load views: CreateFile ./web/views: The system cannot find the path specified.
=== RUN   TestGetUserAPI/InvalidID
2024/07/17 22:40:49.814940 app.go:999: [Warn] failed to load views: CreateFile ./web/views: The system cannot find the path specified.
--- PASS: TestGetUserAPI (0.05s)
    --- PASS: TestGetUserAPI/OK (0.00s)
    --- PASS: TestGetUserAPI/NoAuthorization (0.00s)
    --- PASS: TestGetUserAPI/UnauthorizedUser (0.00s)
    --- PASS: TestGetUserAPI/NotFound (0.00s)
    --- PASS: TestGetUserAPI/InternalError (0.00s)
    --- PASS: TestGetUserAPI/InvalidID (0.00s)
=== RUN   TestListShoppingCartItemAPI
=== RUN   TestListShoppingCartItemAPI/OK
2024/07/17 22:40:49.858044 app.go:999: [Warn] failed to load views: CreateFile ./web/views: The system cannot find the path specified.
=== RUN   TestListShoppingCartItemAPI/NoAuthorization
2024/07/17 22:40:49.859771 app.go:999: [Warn] failed to load views: CreateFile ./web/views: The system cannot find the path specified.
=== RUN   TestListShoppingCartItemAPI/InternalError
2024/07/17 22:40:49.859771 app.go:999: [Warn] failed to load views: CreateFile ./web/views: The system cannot find the path specified.
=== RUN   TestListShoppingCartItemAPI/InvalidUserID
2024/07/17 22:40:49.860275 app.go:999: [Warn] failed to load views: CreateFile ./web/views: The system cannot find the path specified.
--- PASS: TestListShoppingCartItemAPI (0.05s)
    --- PASS: TestListShoppingCartItemAPI/OK (0.00s)
    --- PASS: TestListShoppingCartItemAPI/NoAuthorization (0.00s)
    --- PASS: TestListShoppingCartItemAPI/InternalError (0.00s)
    --- PASS: TestListShoppingCartItemAPI/InvalidUserID (0.00s)
=== RUN   TestListVariationsAPI
=== RUN   TestListVariationsAPI/OK
2024/07/17 22:40:49.860790 app.go:999: [Warn] failed to load views: CreateFile ./web/views: The system cannot find the path specified.
=== RUN   TestListVariationsAPI/InternalError
2024/07/17 22:40:49.861837 app.go:999: [Warn] failed to load views: CreateFile ./web/views: The system cannot find the path specified.
=== RUN   TestListVariationsAPI/InvalidPageID
2024/07/17 22:40:49.861837 app.go:999: [Warn] failed to load views: CreateFile ./web/views: The system cannot find the path specified.
=== RUN   TestListVariationsAPI/InvalidPageSize
2024/07/17 22:40:49.862387 app.go:999: [Warn] failed to load views: CreateFile ./web/views: The system cannot find the path specified.
--- PASS: TestListVariationsAPI (0.00s)
    --- PASS: TestListVariationsAPI/OK (0.00s)
    --- PASS: TestListVariationsAPI/InternalError (0.00s)
    --- PASS: TestListVariationsAPI/InvalidPageID (0.00s)
    --- PASS: TestListVariationsAPI/InvalidPageSize (0.00s)
=== RUN   TestListVariationOptionsAPI
=== RUN   TestListVariationOptionsAPI/OK
2024/07/17 22:40:49.862906 app.go:999: [Warn] failed to load views: CreateFile ./web/views: The system cannot find the path specified.
=== RUN   TestListVariationOptionsAPI/InternalError
2024/07/17 22:40:49.863431 app.go:999: [Warn] failed to load views: CreateFile ./web/views: The system cannot find the path specified.
=== RUN   TestListVariationOptionsAPI/InvalidPageID
2024/07/17 22:40:49.863963 app.go:999: [Warn] failed to load views: CreateFile ./web/views: The system cannot find the path specified.
=== RUN   TestListVariationOptionsAPI/InvalidPageSize
2024/07/17 22:40:49.864479 app.go:999: [Warn] failed to load views: CreateFile ./web/views: The system cannot find the path specified.
--- PASS: TestListVariationOptionsAPI (0.00s)
    --- PASS: TestListVariationOptionsAPI/OK (0.00s)
    --- PASS: TestListVariationOptionsAPI/InternalError (0.00s)
    --- PASS: TestListVariationOptionsAPI/InvalidPageID (0.00s)
    --- PASS: TestListVariationOptionsAPI/InvalidPageSize (0.00s)
=== RUN   TestDeleteWishListItemAllAPI
=== RUN   TestDeleteWishListItemAllAPI/OK
2024/07/17 22:40:49.907696 app.go:999: [Warn] failed to load views: CreateFile ./web/views: The system cannot find the path specified.
=== RUN   TestDeleteWishListItemAllAPI/NotFound
2024/07/17 22:40:49.908199 app.go:999: [Warn] failed to load views: CreateFile ./web/views: The system cannot find the path specified.
=== RUN   TestDeleteWishListItemAllAPI/InternalError
2024/07/17 22:40:49.908725 app.go:999: [Warn] failed to load views: CreateFile ./web/views: The system cannot find the path specified.
=== RUN   TestDeleteWishListItemAllAPI/InvalidID
2024/07/17 22:40:49.909241 app.go:999: [Warn] failed to load views: CreateFile ./web/views: The system cannot find the path specified.
--- PASS: TestDeleteWishListItemAllAPI (0.04s)
    --- PASS: TestDeleteWishListItemAllAPI/OK (0.00s)
    --- PASS: TestDeleteWishListItemAllAPI/NotFound (0.00s)
    --- PASS: TestDeleteWishListItemAllAPI/InternalError (0.00s)
    --- PASS: TestDeleteWishListItemAllAPI/InvalidID (0.00s)
=== RUN   TestListWishListItemAPI
=== RUN   TestListWishListItemAPI/OK
2024/07/17 22:40:49.952066 app.go:999: [Warn] failed to load views: CreateFile ./web/views: The system cannot find the path specified.
=== RUN   TestListWishListItemAPI/NoAuthorization
2024/07/17 22:40:49.953127 app.go:999: [Warn] failed to load views: CreateFile ./web/views: The system cannot find the path specified.
=== RUN   TestListWishListItemAPI/InternalError
2024/07/17 22:40:49.953661 app.go:999: [Warn] failed to load views: CreateFile ./web/views: The system cannot find the path specified.
=== RUN   TestListWishListItemAPI/InvalidUserID
2024/07/17 22:40:49.954188 app.go:999: [Warn] failed to load views: CreateFile ./web/views: The system cannot find the path specified.
--- PASS: TestListWishListItemAPI (0.05s)
    --- PASS: TestListWishListItemAPI/OK (0.00s)
    --- PASS: TestListWishListItemAPI/NoAuthorization (0.00s)
    --- PASS: TestListWishListItemAPI/InternalError (0.00s)
    --- PASS: TestListWishListItemAPI/InvalidUserID (0.00s)
=== RUN   TestGetPaymentMethodAPI
=== RUN   TestGetPaymentMethodAPI/OK
2024/07/17 22:40:49.996933 app.go:999: [Warn] failed to load views: CreateFile ./web/views: The system cannot find the path specified.
=== RUN   TestGetPaymentMethodAPI/NoAuthorization
2024/07/17 22:40:49.998612 app.go:999: [Warn] failed to load views: CreateFile ./web/views: The system cannot find the path specified.
=== RUN   TestGetPaymentMethodAPI/NotFound
2024/07/17 22:40:49.999119 app.go:999: [Warn] failed to load views: CreateFile ./web/views: The system cannot find the path specified.
=== RUN   TestGetPaymentMethodAPI/InternalError
2024/07/17 22:40:49.999119 app.go:999: [Warn] failed to load views: CreateFile ./web/views: The system cannot find the path specified.
--- PASS: TestGetPaymentMethodAPI (0.04s)
    --- PASS: TestGetPaymentMethodAPI/OK (0.00s)
    --- PASS: TestGetPaymentMethodAPI/NoAuthorization (0.00s)
    --- PASS: TestGetPaymentMethodAPI/NotFound (0.00s)
    --- PASS: TestGetPaymentMethodAPI/InternalError (0.00s)
=== RUN   TestUpdateProductConfigurationAPI
=== RUN   TestUpdateProductConfigurationAPI/OK
2024/07/17 22:40:50.042069 app.go:999: [Warn] failed to load views: CreateFile ./web/views: The system cannot find the path specified.
=== RUN   TestUpdateProductConfigurationAPI/Unauthorized
2024/07/17 22:40:50.043630 app.go:999: [Warn] failed to load views: CreateFile ./web/views: The system cannot find the path specified.
=== RUN   TestUpdateProductConfigurationAPI/NoAuthorization
2024/07/17 22:40:50.044136 app.go:999: [Warn] failed to load views: CreateFile ./web/views: The system cannot find the path specified.
=== RUN   TestUpdateProductConfigurationAPI/InternalError
2024/07/17 22:40:50.044136 app.go:999: [Warn] failed to load views: CreateFile ./web/views: The system cannot find the path specified.
=== RUN   TestUpdateProductConfigurationAPI/InvalidID
2024/07/17 22:40:50.044649 app.go:999: [Warn] failed to load views: CreateFile ./web/views: The system cannot find the path specified.
--- PASS: TestUpdateProductConfigurationAPI (0.05s)
    --- PASS: TestUpdateProductConfigurationAPI/OK (0.00s)
    --- PASS: TestUpdateProductConfigurationAPI/Unauthorized (0.00s)
    --- PASS: TestUpdateProductConfigurationAPI/NoAuthorization (0.00s)
    --- PASS: TestUpdateProductConfigurationAPI/InternalError (0.00s)
    --- PASS: TestUpdateProductConfigurationAPI/InvalidID (0.00s)
=== RUN   TestGetPromotionAPI
=== RUN   TestGetPromotionAPI/OK
2024/07/17 22:40:50.044649 app.go:999: [Warn] failed to load views: CreateFile ./web/views: The system cannot find the path specified.
=== RUN   TestGetPromotionAPI/NotFound
2024/07/17 22:40:50.046448 app.go:999: [Warn] failed to load views: CreateFile ./web/views: The system cannot find the path specified.
=== RUN   TestGetPromotionAPI/InternalError
2024/07/17 22:40:50.046448 app.go:999: [Warn] failed to load views: CreateFile ./web/views: The system cannot find the path specified.
=== RUN   TestGetPromotionAPI/InvalidID
2024/07/17 22:40:50.046954 app.go:999: [Warn] failed to load views: CreateFile ./web/views: The system cannot find the path specified.
--- PASS: TestGetPromotionAPI (0.00s)
    --- PASS: TestGetPromotionAPI/OK (0.00s)
    --- PASS: TestGetPromotionAPI/NotFound (0.00s)
    --- PASS: TestGetPromotionAPI/InternalError (0.00s)
    --- PASS: TestGetPromotionAPI/InvalidID (0.00s)
=== RUN   TestDeleteWishListItemAPI
=== RUN   TestDeleteWishListItemAPI/OK
2024/07/17 22:40:50.089716 app.go:999: [Warn] failed to load views: CreateFile ./web/views: The system cannot find the path specified.
=== RUN   TestDeleteWishListItemAPI/NotFound
2024/07/17 22:40:50.090220 app.go:999: [Warn] failed to load views: CreateFile ./web/views: The system cannot find the path specified.
=== RUN   TestDeleteWishListItemAPI/InternalError
2024/07/17 22:40:50.090731 app.go:999: [Warn] failed to load views: CreateFile ./web/views: The system cannot find the path specified.
=== RUN   TestDeleteWishListItemAPI/InvalidID
2024/07/17 22:40:50.091251 app.go:999: [Warn] failed to load views: CreateFile ./web/views: The system cannot find the path specified.
--- PASS: TestDeleteWishListItemAPI (0.04s)
    --- PASS: TestDeleteWishListItemAPI/OK (0.00s)
    --- PASS: TestDeleteWishListItemAPI/NotFound (0.00s)
    --- PASS: TestDeleteWishListItemAPI/InternalError (0.00s)
    --- PASS: TestDeleteWishListItemAPI/InvalidID (0.00s)
=== RUN   TestCreateProductAPI
=== RUN   TestCreateProductAPI/OK
2024/07/17 22:40:50.133694 app.go:999: [Warn] failed to load views: CreateFile ./web/views: The system cannot find the path specified.
=== RUN   TestCreateProductAPI/NoAuthorization
2024/07/17 22:40:50.136289 app.go:999: [Warn] failed to load views: CreateFile ./web/views: The system cannot find the path specified.
=== RUN   TestCreateProductAPI/Unauthorized
2024/07/17 22:40:50.136794 app.go:999: [Warn] failed to load views: CreateFile ./web/views: The system cannot find the path specified.
=== RUN   TestCreateProductAPI/InternalError
2024/07/17 22:40:50.136794 app.go:999: [Warn] failed to load views: CreateFile ./web/views: The system cannot find the path specified.
=== RUN   TestCreateProductAPI/InvalidID
2024/07/17 22:40:50.137315 app.go:999: [Warn] failed to load views: CreateFile ./web/views: The system cannot find the path specified.
--- PASS: TestCreateProductAPI (0.05s)
    --- PASS: TestCreateProductAPI/OK (0.00s)
    --- PASS: TestCreateProductAPI/NoAuthorization (0.00s)
    --- PASS: TestCreateProductAPI/Unauthorized (0.00s)
    --- PASS: TestCreateProductAPI/InternalError (0.00s)
    --- PASS: TestCreateProductAPI/InvalidID (0.00s)
=== RUN   TestListProductBrandsAPI
=== RUN   TestListProductBrandsAPI/OK
2024/07/17 22:40:50.137867 app.go:999: [Warn] failed to load views: CreateFile ./web/views: The system cannot find the path specified.
=== RUN   TestListProductBrandsAPI/InternalError
2024/07/17 22:40:50.139112 app.go:999: [Warn] failed to load views: CreateFile ./web/views: The system cannot find the path specified.
--- PASS: TestListProductBrandsAPI (0.00s)
    --- PASS: TestListProductBrandsAPI/OK (0.00s)
    --- PASS: TestListProductBrandsAPI/InternalError (0.00s)
=== RUN   TestCreateNotificationAPI
=== RUN   TestCreateNotificationAPI/OK
2024/07/17 22:40:50.181561 app.go:999: [Warn] failed to load views: CreateFile ./web/views: The system cannot find the path specified.
=== RUN   TestCreateNotificationAPI/NoAuthorization
2024/07/17 22:40:50.183137 app.go:999: [Warn] failed to load views: CreateFile ./web/views: The system cannot find the path specified.
=== RUN   TestCreateNotificationAPI/InternalError
2024/07/17 22:40:50.183137 app.go:999: [Warn] failed to load views: CreateFile ./web/views: The system cannot find the path specified.
=== RUN   TestCreateNotificationAPI/InvalidUserID
2024/07/17 22:40:50.183640 app.go:999: [Warn] failed to load views: CreateFile ./web/views: The system cannot find the path specified.
--- PASS: TestCreateNotificationAPI (0.05s)
    --- PASS: TestCreateNotificationAPI/OK (0.00s)
    --- PASS: TestCreateNotificationAPI/NoAuthorization (0.00s)
    --- PASS: TestCreateNotificationAPI/InternalError (0.00s)
    --- PASS: TestCreateNotificationAPI/InvalidUserID (0.00s)
=== RUN   TestGetUserAddressAPI
=== RUN   TestGetUserAddressAPI/OK
2024/07/17 22:40:50.226764 app.go:999: [Warn] failed to load views: CreateFile ./web/views: The system cannot find the path specified.
=== RUN   TestGetUserAddressAPI/NoAuthorization
2024/07/17 22:40:50.227271 app.go:999: [Warn] failed to load views: CreateFile ./web/views: The system cannot find the path specified.
=== RUN   TestGetUserAddressAPI/NotFound
2024/07/17 22:40:50.227797 app.go:999: [Warn] failed to load views: CreateFile ./web/views: The system cannot find the path specified.
=== RUN   TestGetUserAddressAPI/InternalError
2024/07/17 22:40:50.228347 app.go:999: [Warn] failed to load views: CreateFile ./web/views: The system cannot find the path specified.
=== RUN   TestGetUserAddressAPI/InvalidID
2024/07/17 22:40:50.228885 app.go:999: [Warn] failed to load views: CreateFile ./web/views: The system cannot find the path specified.
--- PASS: TestGetUserAddressAPI (0.05s)
    --- PASS: TestGetUserAddressAPI/OK (0.00s)
    --- PASS: TestGetUserAddressAPI/NoAuthorization (0.00s)
    --- PASS: TestGetUserAddressAPI/NotFound (0.00s)
    --- PASS: TestGetUserAddressAPI/InternalError (0.00s)
    --- PASS: TestGetUserAddressAPI/InvalidID (0.00s)
=== RUN   TestCreateUserAPI
=== PAUSE TestCreateUserAPI
=== RUN   TestCreateProductBrandAPI
=== RUN   TestCreateProductBrandAPI/OK
2024/07/17 22:40:50.271956 app.go:999: [Warn] failed to load views: CreateFile ./web/views: The system cannot find the path specified.
=== RUN   TestCreateProductBrandAPI/NoAuthorization
2024/07/17 22:40:50.273497 app.go:999: [Warn] failed to load views: CreateFile ./web/views: The system cannot find the path specified.
=== RUN   TestCreateProductBrandAPI/Unauthorized
2024/07/17 22:40:50.274004 app.go:999: [Warn] failed to load views: CreateFile ./web/views: The system cannot find the path specified.
=== RUN   TestCreateProductBrandAPI/InternalError
2024/07/17 22:40:50.274518 app.go:999: [Warn] failed to load views: CreateFile ./web/views: The system cannot find the path specified.
=== RUN   TestCreateProductBrandAPI/InvalidID
2024/07/17 22:40:50.275043 app.go:999: [Warn] failed to load views: CreateFile ./web/views: The system cannot find the path specified.
--- PASS: TestCreateProductBrandAPI (0.05s)
    --- PASS: TestCreateProductBrandAPI/OK (0.00s)
    --- PASS: TestCreateProductBrandAPI/NoAuthorization (0.00s)
    --- PASS: TestCreateProductBrandAPI/Unauthorized (0.00s)
    --- PASS: TestCreateProductBrandAPI/InternalError (0.00s)
    --- PASS: TestCreateProductBrandAPI/InvalidID (0.00s)
=== RUN   TestDeleteProductAPI
=== RUN   TestDeleteProductAPI/OK
2024/07/17 22:40:50.317984 app.go:999: [Warn] failed to load views: CreateFile ./web/views: The system cannot find the path specified.
=== RUN   TestDeleteProductAPI/Unauthorized
2024/07/17 22:40:50.318487 app.go:999: [Warn] failed to load views: CreateFile ./web/views: The system cannot find the path specified.
=== RUN   TestDeleteProductAPI/NoAuthorization
2024/07/17 22:40:50.319030 app.go:999: [Warn] failed to load views: CreateFile ./web/views: The system cannot find the path specified.
=== RUN   TestDeleteProductAPI/NotFound
2024/07/17 22:40:50.319577 app.go:999: [Warn] failed to load views: CreateFile ./web/views: The system cannot find the path specified.
=== RUN   TestDeleteProductAPI/InternalError
2024/07/17 22:40:50.319577 app.go:999: [Warn] failed to load views: CreateFile ./web/views: The system cannot find the path specified.
=== RUN   TestDeleteProductAPI/InvalidID
2024/07/17 22:40:50.320602 app.go:999: [Warn] failed to load views: CreateFile ./web/views: The system cannot find the path specified.
--- PASS: TestDeleteProductAPI (0.05s)
    --- PASS: TestDeleteProductAPI/OK (0.00s)
    --- PASS: TestDeleteProductAPI/Unauthorized (0.00s)
    --- PASS: TestDeleteProductAPI/NoAuthorization (0.00s)
    --- PASS: TestDeleteProductAPI/NotFound (0.00s)
    --- PASS: TestDeleteProductAPI/InternalError (0.00s)
    --- PASS: TestDeleteProductAPI/InvalidID (0.00s)
=== RUN   TestGetProductPromotionAPI
=== RUN   TestGetProductPromotionAPI/OK
2024/07/17 22:40:50.320602 app.go:999: [Warn] failed to load views: CreateFile ./web/views: The system cannot find the path specified.
=== RUN   TestGetProductPromotionAPI/NotFound
2024/07/17 22:40:50.321124 app.go:999: [Warn] failed to load views: CreateFile ./web/views: The system cannot find the path specified.
=== RUN   TestGetProductPromotionAPI/InternalError
2024/07/17 22:40:50.321677 app.go:999: [Warn] failed to load views: CreateFile ./web/views: The system cannot find the path specified.
=== RUN   TestGetProductPromotionAPI/InvalidID
2024/07/17 22:40:50.322222 app.go:999: [Warn] failed to load views: CreateFile ./web/views: The system cannot find the path specified.
--- PASS: TestGetProductPromotionAPI (0.00s)
    --- PASS: TestGetProductPromotionAPI/OK (0.00s)
    --- PASS: TestGetProductPromotionAPI/NotFound (0.00s)
    --- PASS: TestGetProductPromotionAPI/InternalError (0.00s)
    --- PASS: TestGetProductPromotionAPI/InvalidID (0.00s)
=== RUN   TestUpdateShopOrderAPI
=== RUN   TestUpdateShopOrderAPI/OK
2024/07/17 22:40:50.366138 app.go:999: [Warn] failed to load views: CreateFile ./web/views: The system cannot find the path specified.
2024/07/17 22:40:50 error getting Messaging client: project ID is required to access Firebase Cloud Messaging client
=== RUN   TestUpdateShopOrderAPI/NoAuthorization
2024/07/17 22:40:50.368242 app.go:999: [Warn] failed to load views: CreateFile ./web/views: The system cannot find the path specified.
=== RUN   TestUpdateShopOrderAPI/InternalError
2024/07/17 22:40:50.368242 app.go:999: [Warn] failed to load views: CreateFile ./web/views: The system cannot find the path specified.
=== RUN   TestUpdateShopOrderAPI/InvalidUserID
2024/07/17 22:40:50.369292 app.go:999: [Warn] failed to load views: CreateFile ./web/views: The system cannot find the path specified.
--- PASS: TestUpdateShopOrderAPI (0.05s)
    --- PASS: TestUpdateShopOrderAPI/OK (0.00s)
    --- PASS: TestUpdateShopOrderAPI/NoAuthorization (0.00s)
    --- PASS: TestUpdateShopOrderAPI/InternalError (0.00s)
    --- PASS: TestUpdateShopOrderAPI/InvalidUserID (0.00s)
=== RUN   TestGetWishListItemAPI
=== RUN   TestGetWishListItemAPI/OK
2024/07/17 22:40:50.412457 app.go:999: [Warn] failed to load views: CreateFile ./web/views: The system cannot find the path specified.
=== RUN   TestGetWishListItemAPI/NoAuthorization
2024/07/17 22:40:50.414636 app.go:999: [Warn] failed to load views: CreateFile ./web/views: The system cannot find the path specified.
=== RUN   TestGetWishListItemAPI/InternalError
2024/07/17 22:40:50.415141 app.go:999: [Warn] failed to load views: CreateFile ./web/views: The system cannot find the path specified.
=== RUN   TestGetWishListItemAPI/InvalidUserID
2024/07/17 22:40:50.415669 app.go:999: [Warn] failed to load views: CreateFile ./web/views: The system cannot find the path specified.
--- PASS: TestGetWishListItemAPI (0.05s)
    --- PASS: TestGetWishListItemAPI/OK (0.00s)
    --- PASS: TestGetWishListItemAPI/NoAuthorization (0.00s)
    --- PASS: TestGetWishListItemAPI/InternalError (0.00s)
    --- PASS: TestGetWishListItemAPI/InvalidUserID (0.00s)
=== RUN   TestListShopOrderItemAPI
=== RUN   TestListShopOrderItemAPI/OK
2024/07/17 22:40:50.459940 app.go:999: [Warn] failed to load views: CreateFile ./web/views: The system cannot find the path specified.
=== RUN   TestListShopOrderItemAPI/NoAuthorization
2024/07/17 22:40:50.461996 app.go:999: [Warn] failed to load views: CreateFile ./web/views: The system cannot find the path specified.
=== RUN   TestListShopOrderItemAPI/InternalError
2024/07/17 22:40:50.462512 app.go:999: [Warn] failed to load views: CreateFile ./web/views: The system cannot find the path specified.
=== RUN   TestListShopOrderItemAPI/InvalidUserID
2024/07/17 22:40:50.463052 app.go:999: [Warn] failed to load views: CreateFile ./web/views: The system cannot find the path specified.
--- PASS: TestListShopOrderItemAPI (0.05s)
    --- PASS: TestListShopOrderItemAPI/OK (0.00s)
    --- PASS: TestListShopOrderItemAPI/NoAuthorization (0.00s)
    --- PASS: TestListShopOrderItemAPI/InternalError (0.00s)
    --- PASS: TestListShopOrderItemAPI/InvalidUserID (0.00s)
=== RUN   TestCreateUserReviewAPI
=== RUN   TestCreateUserReviewAPI/OK
2024/07/17 22:40:50.507166 app.go:999: [Warn] failed to load views: CreateFile ./web/views: The system cannot find the path specified.
=== RUN   TestCreateUserReviewAPI/NoAuthorization
2024/07/17 22:40:50.509179 app.go:999: [Warn] failed to load views: CreateFile ./web/views: The system cannot find the path specified.
=== RUN   TestCreateUserReviewAPI/InternalError
2024/07/17 22:40:50.510692 app.go:999: [Warn] failed to load views: CreateFile ./web/views: The system cannot find the path specified.
=== RUN   TestCreateUserReviewAPI/InvalidUserID
2024/07/17 22:40:50.511218 app.go:999: [Warn] failed to load views: CreateFile ./web/views: The system cannot find the path specified.
--- PASS: TestCreateUserReviewAPI (0.05s)
    --- PASS: TestCreateUserReviewAPI/OK (0.00s)
    --- PASS: TestCreateUserReviewAPI/NoAuthorization (0.00s)
    --- PASS: TestCreateUserReviewAPI/InternalError (0.00s)
    --- PASS: TestCreateUserReviewAPI/InvalidUserID (0.00s)
=== RUN   TestCreatePromotionAPI
=== RUN   TestCreatePromotionAPI/OK
2024/07/17 22:40:50.555039 app.go:999: [Warn] failed to load views: CreateFile ./web/views: The system cannot find the path specified.
=== RUN   TestCreatePromotionAPI/NoAuthorization
2024/07/17 22:40:50.556604 app.go:999: [Warn] failed to load views: CreateFile ./web/views: The system cannot find the path specified.
=== RUN   TestCreatePromotionAPI/Unauthorized
2024/07/17 22:40:50.557155 app.go:999: [Warn] failed to load views: CreateFile ./web/views: The system cannot find the path specified.
=== RUN   TestCreatePromotionAPI/InternalError
2024/07/17 22:40:50.557689 app.go:999: [Warn] failed to load views: CreateFile ./web/views: The system cannot find the path specified.
=== RUN   TestCreatePromotionAPI/InvalidID
2024/07/17 22:40:50.558207 app.go:999: [Warn] failed to load views: CreateFile ./web/views: The system cannot find the path specified.
--- PASS: TestCreatePromotionAPI (0.05s)
    --- PASS: TestCreatePromotionAPI/OK (0.00s)
    --- PASS: TestCreatePromotionAPI/NoAuthorization (0.00s)
    --- PASS: TestCreatePromotionAPI/Unauthorized (0.00s)
    --- PASS: TestCreatePromotionAPI/InternalError (0.00s)
    --- PASS: TestCreatePromotionAPI/InvalidID (0.00s)
=== RUN   TestListBrandPromotionsAPI
=== RUN   TestListBrandPromotionsAPI/OK
2024/07/17 22:40:50.558735 app.go:999: [Warn] failed to load views: CreateFile ./web/views: The system cannot find the path specified.
=== RUN   TestListBrandPromotionsAPI/InternalError
2024/07/17 22:40:50.559250 app.go:999: [Warn] failed to load views: CreateFile ./web/views: The system cannot find the path specified.
=== RUN   TestListBrandPromotionsAPI/InvalidPageID
2024/07/17 22:40:50.559773 app.go:999: [Warn] failed to load views: CreateFile ./web/views: The system cannot find the path specified.
=== RUN   TestListBrandPromotionsAPI/InvalidPageSize
2024/07/17 22:40:50.560289 app.go:999: [Warn] failed to load views: CreateFile ./web/views: The system cannot find the path specified.
--- PASS: TestListBrandPromotionsAPI (0.00s)
    --- PASS: TestListBrandPromotionsAPI/OK (0.00s)
    --- PASS: TestListBrandPromotionsAPI/InternalError (0.00s)
    --- PASS: TestListBrandPromotionsAPI/InvalidPageID (0.00s)
    --- PASS: TestListBrandPromotionsAPI/InvalidPageSize (0.00s)
=== RUN   TestCreateShippingMethodAPI
=== RUN   TestCreateShippingMethodAPI/OK
2024/07/17 22:40:50.602980 app.go:999: [Warn] failed to load views: CreateFile ./web/views: The system cannot find the path specified.
=== RUN   TestCreateShippingMethodAPI/NoAuthorization
2024/07/17 22:40:50.604916 app.go:999: [Warn] failed to load views: CreateFile ./web/views: The system cannot find the path specified.
=== RUN   TestCreateShippingMethodAPI/InternalError
2024/07/17 22:40:50.605429 app.go:999: [Warn] failed to load views: CreateFile ./web/views: The system cannot find the path specified.
=== RUN   TestCreateShippingMethodAPI/InvalidUserID
2024/07/17 22:40:50.605953 app.go:999: [Warn] failed to load views: CreateFile ./web/views: The system cannot find the path specified.
--- PASS: TestCreateShippingMethodAPI (0.05s)
    --- PASS: TestCreateShippingMethodAPI/OK (0.00s)
    --- PASS: TestCreateShippingMethodAPI/NoAuthorization (0.00s)
    --- PASS: TestCreateShippingMethodAPI/InternalError (0.00s)
    --- PASS: TestCreateShippingMethodAPI/InvalidUserID (0.00s)
=== RUN   TestDeleteProductBrandAPI
=== RUN   TestDeleteProductBrandAPI/OK
2024/07/17 22:40:50.648574 app.go:999: [Warn] failed to load views: CreateFile ./web/views: The system cannot find the path specified.
=== RUN   TestDeleteProductBrandAPI/Unauthorized
2024/07/17 22:40:50.649077 app.go:999: [Warn] failed to load views: CreateFile ./web/views: The system cannot find the path specified.
=== RUN   TestDeleteProductBrandAPI/NoAuthorization
2024/07/17 22:40:50.649601 app.go:999: [Warn] failed to load views: CreateFile ./web/views: The system cannot find the path specified.
=== RUN   TestDeleteProductBrandAPI/NotFound
2024/07/17 22:40:50.650123 app.go:999: [Warn] failed to load views: CreateFile ./web/views: The system cannot find the path specified.
=== RUN   TestDeleteProductBrandAPI/InternalError
2024/07/17 22:40:50.650638 app.go:999: [Warn] failed to load views: CreateFile ./web/views: The system cannot find the path specified.
=== RUN   TestDeleteProductBrandAPI/InvalidID
2024/07/17 22:40:50.650638 app.go:999: [Warn] failed to load views: CreateFile ./web/views: The system cannot find the path specified.
--- PASS: TestDeleteProductBrandAPI (0.05s)
    --- PASS: TestDeleteProductBrandAPI/OK (0.00s)
    --- PASS: TestDeleteProductBrandAPI/Unauthorized (0.00s)
    --- PASS: TestDeleteProductBrandAPI/NoAuthorization (0.00s)
    --- PASS: TestDeleteProductBrandAPI/NotFound (0.00s)
    --- PASS: TestDeleteProductBrandAPI/InternalError (0.00s)
    --- PASS: TestDeleteProductBrandAPI/InvalidID (0.00s)
=== RUN   TestListProductItemsNextPageAPI
=== RUN   TestListProductItemsNextPageAPI/OK
2024/07/17 22:40:50.651157 app.go:999: [Warn] failed to load views: CreateFile ./web/views: The system cannot find the path specified.
=== RUN   TestListProductItemsNextPageAPI/InternalError
2024/07/17 22:40:50.654729 app.go:999: [Warn] failed to load views: CreateFile ./web/views: The system cannot find the path specified.
=== RUN   TestListProductItemsNextPageAPI/InvalidLimit
2024/07/17 22:40:50.655236 app.go:999: [Warn] failed to load views: CreateFile ./web/views: The system cannot find the path specified.
--- PASS: TestListProductItemsNextPageAPI (0.00s)
    --- PASS: TestListProductItemsNextPageAPI/OK (0.00s)
    --- PASS: TestListProductItemsNextPageAPI/InternalError (0.00s)
    --- PASS: TestListProductItemsNextPageAPI/InvalidLimit (0.00s)
=== RUN   TestUpdateCategoryPromotionAPI
=== RUN   TestUpdateCategoryPromotionAPI/OK
2024/07/17 22:40:50.698222 app.go:999: [Warn] failed to load views: CreateFile ./web/views: The system cannot find the path specified.
=== RUN   TestUpdateCategoryPromotionAPI/Unauthorized
2024/07/17 22:40:50.699686 app.go:999: [Warn] failed to load views: CreateFile ./web/views: The system cannot find the path specified.
=== RUN   TestUpdateCategoryPromotionAPI/NoAuthorization
2024/07/17 22:40:50.700192 app.go:999: [Warn] failed to load views: CreateFile ./web/views: The system cannot find the path specified.
=== RUN   TestUpdateCategoryPromotionAPI/InternalError
2024/07/17 22:40:50.700192 app.go:999: [Warn] failed to load views: CreateFile ./web/views: The system cannot find the path specified.
=== RUN   TestUpdateCategoryPromotionAPI/InvalidID
2024/07/17 22:40:50.700708 app.go:999: [Warn] failed to load views: CreateFile ./web/views: The system cannot find the path specified.
--- PASS: TestUpdateCategoryPromotionAPI (0.05s)
    --- PASS: TestUpdateCategoryPromotionAPI/OK (0.00s)
    --- PASS: TestUpdateCategoryPromotionAPI/Unauthorized (0.00s)
    --- PASS: TestUpdateCategoryPromotionAPI/NoAuthorization (0.00s)
    --- PASS: TestUpdateCategoryPromotionAPI/InternalError (0.00s)
    --- PASS: TestUpdateCategoryPromotionAPI/InvalidID (0.00s)
=== RUN   TestUpdateHomePageTextBannerAPI
=== RUN   TestUpdateHomePageTextBannerAPI/OK
2024/07/17 22:40:50.742944 app.go:999: [Warn] failed to load views: CreateFile ./web/views: The system cannot find the path specified.
=== RUN   TestUpdateHomePageTextBannerAPI/Unauthorized
2024/07/17 22:40:50.745008 app.go:999: [Warn] failed to load views: CreateFile ./web/views: The system cannot find the path specified.
=== RUN   TestUpdateHomePageTextBannerAPI/NoAuthorization
2024/07/17 22:40:50.745008 app.go:999: [Warn] failed to load views: CreateFile ./web/views: The system cannot find the path specified.
=== RUN   TestUpdateHomePageTextBannerAPI/InternalError
2024/07/17 22:40:50.746194 app.go:999: [Warn] failed to load views: CreateFile ./web/views: The system cannot find the path specified.
=== RUN   TestUpdateHomePageTextBannerAPI/InvalidID
2024/07/17 22:40:50.746746 app.go:999: [Warn] failed to load views: CreateFile ./web/views: The system cannot find the path specified.
--- PASS: TestUpdateHomePageTextBannerAPI (0.05s)
    --- PASS: TestUpdateHomePageTextBannerAPI/OK (0.00s)
    --- PASS: TestUpdateHomePageTextBannerAPI/Unauthorized (0.00s)
    --- PASS: TestUpdateHomePageTextBannerAPI/NoAuthorization (0.00s)
    --- PASS: TestUpdateHomePageTextBannerAPI/InternalError (0.00s)
    --- PASS: TestUpdateHomePageTextBannerAPI/InvalidID (0.00s)
=== RUN   TestListPaymentMethodAPI
=== RUN   TestListPaymentMethodAPI/OK
2024/07/17 22:40:50.789842 app.go:999: [Warn] failed to load views: CreateFile ./web/views: The system cannot find the path specified.
=== RUN   TestListPaymentMethodAPI/InternalError
2024/07/17 22:40:50.791299 app.go:999: [Warn] failed to load views: CreateFile ./web/views: The system cannot find the path specified.
=== RUN   TestListPaymentMethodAPI/InvalidPageID
2024/07/17 22:40:50.791807 app.go:999: [Warn] failed to load views: CreateFile ./web/views: The system cannot find the path specified.
=== RUN   TestListPaymentMethodAPI/InvalidPageSize
2024/07/17 22:40:50.792344 app.go:999: [Warn] failed to load views: CreateFile ./web/views: The system cannot find the path specified.
--- PASS: TestListPaymentMethodAPI (0.05s)
    --- PASS: TestListPaymentMethodAPI/OK (0.00s)
    --- PASS: TestListPaymentMethodAPI/InternalError (0.00s)
    --- PASS: TestListPaymentMethodAPI/InvalidPageID (0.00s)
    --- PASS: TestListPaymentMethodAPI/InvalidPageSize (0.00s)
=== RUN   TestUpdateWishListItemAPI
=== RUN   TestUpdateWishListItemAPI/OK
2024/07/17 22:40:50.835206 app.go:999: [Warn] failed to load views: CreateFile ./web/views: The system cannot find the path specified.
=== RUN   TestUpdateWishListItemAPI/NoAuthorization
2024/07/17 22:40:50.836714 app.go:999: [Warn] failed to load views: CreateFile ./web/views: The system cannot find the path specified.
=== RUN   TestUpdateWishListItemAPI/InternalError
2024/07/17 22:40:50.837222 app.go:999: [Warn] failed to load views: CreateFile ./web/views: The system cannot find the path specified.
=== RUN   TestUpdateWishListItemAPI/InvalidWishListID
2024/07/17 22:40:50.837751 app.go:999: [Warn] failed to load views: CreateFile ./web/views: The system cannot find the path specified.
--- PASS: TestUpdateWishListItemAPI (0.05s)
    --- PASS: TestUpdateWishListItemAPI/OK (0.00s)
    --- PASS: TestUpdateWishListItemAPI/NoAuthorization (0.00s)
    --- PASS: TestUpdateWishListItemAPI/InternalError (0.00s)
    --- PASS: TestUpdateWishListItemAPI/InvalidWishListID (0.00s)
=== RUN   TestListProductItemsWithBrandPromotionsNextPageAPI
=== RUN   TestListProductItemsWithBrandPromotionsNextPageAPI/OK
2024/07/17 22:40:50.838278 app.go:999: [Warn] failed to load views: CreateFile ./web/views: The system cannot find the path specified.
=== RUN   TestListProductItemsWithBrandPromotionsNextPageAPI/InternalError
2024/07/17 22:40:50.841097 app.go:999: [Warn] failed to load views: CreateFile ./web/views: The system cannot find the path specified.
=== RUN   TestListProductItemsWithBrandPromotionsNextPageAPI/InvalidLimit
2024/07/17 22:40:50.841602 app.go:999: [Warn] failed to load views: CreateFile ./web/views: The system cannot find the path specified.
--- PASS: TestListProductItemsWithBrandPromotionsNextPageAPI (0.00s)
    --- PASS: TestListProductItemsWithBrandPromotionsNextPageAPI/OK (0.00s)
    --- PASS: TestListProductItemsWithBrandPromotionsNextPageAPI/InternalError (0.00s)
    --- PASS: TestListProductItemsWithBrandPromotionsNextPageAPI/InvalidLimit (0.00s)
=== RUN   TestGetShippingMethodAPI
=== RUN   TestGetShippingMethodAPI/OK
2024/07/17 22:40:50.884463 app.go:999: [Warn] failed to load views: CreateFile ./web/views: The system cannot find the path specified.
=== RUN   TestGetShippingMethodAPI/NoAuthorization
2024/07/17 22:40:50.885523 app.go:999: [Warn] failed to load views: CreateFile ./web/views: The system cannot find the path specified.
=== RUN   TestGetShippingMethodAPI/NotFound
2024/07/17 22:40:50.886075 app.go:999: [Warn] failed to load views: CreateFile ./web/views: The system cannot find the path specified.
=== RUN   TestGetShippingMethodAPI/InternalError
2024/07/17 22:40:50.886075 app.go:999: [Warn] failed to load views: CreateFile ./web/views: The system cannot find the path specified.
=== RUN   TestGetShippingMethodAPI/InvalidID
2024/07/17 22:40:50.886591 app.go:999: [Warn] failed to load views: CreateFile ./web/views: The system cannot find the path specified.
--- PASS: TestGetShippingMethodAPI (0.05s)
    --- PASS: TestGetShippingMethodAPI/OK (0.00s)
    --- PASS: TestGetShippingMethodAPI/NoAuthorization (0.00s)
    --- PASS: TestGetShippingMethodAPI/NotFound (0.00s)
    --- PASS: TestGetShippingMethodAPI/InternalError (0.00s)
    --- PASS: TestGetShippingMethodAPI/InvalidID (0.00s)
=== RUN   TestCreateProductCategoryAPI
=== RUN   TestCreateProductCategoryAPI/OK
2024/07/17 22:40:50.930057 app.go:999: [Warn] failed to load views: CreateFile ./web/views: The system cannot find the path specified.
=== NAME  TestCreateProductCategoryAPI
    product_category_test.go:158: 
        	Error Trace:	C:/Users/m_ben/Desktop/Classic Project/CShop/api/product_category_test.go:158
        	            				C:/Users/m_ben/Desktop/Classic Project/CShop/api/product_category_test.go:276
        	Error:      	Not equal: 
        	            	expected: 200
        	            	actual  : 400
        	Test:       	TestCreateProductCategoryAPI
=== NAME  TestCreateProductCategoryAPI/OK
    controller.go:98: missing call(s) to *mockdb.MockStore.CreateProductCategory(is anything, is equal to {{{203 true}} warujg https://n.nordstrommedia.com/id/sr3/51c31109-82ef-4d71-9720-5462c660c159.jpeg?h=365&w=240&dpr=2} (db.CreateProductCategoryParams)) C:/Users/m_ben/Desktop/Classic Project/CShop/api/product_category_test.go:153
    controller.go:98: aborting test due to missing call(s)
    testing.go:1576: test executed panic(nil) or runtime.Goexit: subtest may have called FailNow on a parent test
--- FAIL: TestCreateProductCategoryAPI (0.04s)
    --- FAIL: TestCreateProductCategoryAPI/OK (0.00s)
=== RUN   TestUpdateNotificationAPI
=== RUN   TestUpdateNotificationAPI/OK
2024/07/17 22:40:50.973011 app.go:999: [Warn] failed to load views: CreateFile ./web/views: The system cannot find the path specified.
=== RUN   TestUpdateNotificationAPI/NoAuthorization
2024/07/17 22:40:50.975125 app.go:999: [Warn] failed to load views: CreateFile ./web/views: The system cannot find the path specified.
=== RUN   TestUpdateNotificationAPI/InternalError
2024/07/17 22:40:50.975125 app.go:999: [Warn] failed to load views: CreateFile ./web/views: The system cannot find the path specified.
=== RUN   TestUpdateNotificationAPI/InvalidDeviceID
2024/07/17 22:40:50.976132 app.go:999: [Warn] failed to load views: CreateFile ./web/views: The system cannot find the path specified.
--- PASS: TestUpdateNotificationAPI (0.05s)
    --- PASS: TestUpdateNotificationAPI/OK (0.00s)
    --- PASS: TestUpdateNotificationAPI/NoAuthorization (0.00s)
    --- PASS: TestUpdateNotificationAPI/InternalError (0.00s)
    --- PASS: TestUpdateNotificationAPI/InvalidDeviceID (0.00s)
=== RUN   TestDeleteVariationAPI
=== RUN   TestDeleteVariationAPI/OK
2024/07/17 22:40:51.019059 app.go:999: [Warn] failed to load views: CreateFile ./web/views: The system cannot find the path specified.
=== RUN   TestDeleteVariationAPI/Unauthorized
2024/07/17 22:40:51.019564 app.go:999: [Warn] failed to load views: CreateFile ./web/views: The system cannot find the path specified.
=== RUN   TestDeleteVariationAPI/NoAuthorization
2024/07/17 22:40:51.020098 app.go:999: [Warn] failed to load views: CreateFile ./web/views: The system cannot find the path specified.
=== RUN   TestDeleteVariationAPI/NotFound
2024/07/17 22:40:51.020609 app.go:999: [Warn] failed to load views: CreateFile ./web/views: The system cannot find the path specified.
=== RUN   TestDeleteVariationAPI/InternalError
2024/07/17 22:40:51.020609 app.go:999: [Warn] failed to load views: CreateFile ./web/views: The system cannot find the path specified.
=== RUN   TestDeleteVariationAPI/InvalidID
2024/07/17 22:40:51.021138 app.go:999: [Warn] failed to load views: CreateFile ./web/views: The system cannot find the path specified.
--- PASS: TestDeleteVariationAPI (0.05s)
    --- PASS: TestDeleteVariationAPI/OK (0.00s)
    --- PASS: TestDeleteVariationAPI/Unauthorized (0.00s)
    --- PASS: TestDeleteVariationAPI/NoAuthorization (0.00s)
    --- PASS: TestDeleteVariationAPI/NotFound (0.00s)
    --- PASS: TestDeleteVariationAPI/InternalError (0.00s)
    --- PASS: TestDeleteVariationAPI/InvalidID (0.00s)
=== RUN   TestDeleteVariationOptionAPI
=== RUN   TestDeleteVariationOptionAPI/OK
2024/07/17 22:40:51.063408 app.go:999: [Warn] failed to load views: CreateFile ./web/views: The system cannot find the path specified.
=== RUN   TestDeleteVariationOptionAPI/Unauthorized
2024/07/17 22:40:51.064414 app.go:999: [Warn] failed to load views: CreateFile ./web/views: The system cannot find the path specified.
=== RUN   TestDeleteVariationOptionAPI/NoAuthorization
2024/07/17 22:40:51.064924 app.go:999: [Warn] failed to load views: CreateFile ./web/views: The system cannot find the path specified.
=== RUN   TestDeleteVariationOptionAPI/NotFound
2024/07/17 22:40:51.065466 app.go:999: [Warn] failed to load views: CreateFile ./web/views: The system cannot find the path specified.
=== RUN   TestDeleteVariationOptionAPI/InternalError
2024/07/17 22:40:51.065977 app.go:999: [Warn] failed to load views: CreateFile ./web/views: The system cannot find the path specified.
=== RUN   TestDeleteVariationOptionAPI/InvalidID
2024/07/17 22:40:51.065977 app.go:999: [Warn] failed to load views: CreateFile ./web/views: The system cannot find the path specified.
--- PASS: TestDeleteVariationOptionAPI (0.04s)
    --- PASS: TestDeleteVariationOptionAPI/OK (0.00s)
    --- PASS: TestDeleteVariationOptionAPI/Unauthorized (0.00s)
    --- PASS: TestDeleteVariationOptionAPI/NoAuthorization (0.00s)
    --- PASS: TestDeleteVariationOptionAPI/NotFound (0.00s)
    --- PASS: TestDeleteVariationOptionAPI/InternalError (0.00s)
    --- PASS: TestDeleteVariationOptionAPI/InvalidID (0.00s)
=== RUN   TestListPromotionsAPI
=== RUN   TestListPromotionsAPI/OK
2024/07/17 22:40:51.066500 app.go:999: [Warn] failed to load views: CreateFile ./web/views: The system cannot find the path specified.
=== RUN   TestListPromotionsAPI/InternalError
2024/07/17 22:40:51.067973 app.go:999: [Warn] failed to load views: CreateFile ./web/views: The system cannot find the path specified.
=== RUN   TestListPromotionsAPI/InvalidPageID
2024/07/17 22:40:51.067973 app.go:999: [Warn] failed to load views: CreateFile ./web/views: The system cannot find the path specified.
=== RUN   TestListPromotionsAPI/InvalidPageSize
2024/07/17 22:40:51.068478 app.go:999: [Warn] failed to load views: CreateFile ./web/views: The system cannot find the path specified.
--- PASS: TestListPromotionsAPI (0.00s)
    --- PASS: TestListPromotionsAPI/OK (0.00s)
    --- PASS: TestListPromotionsAPI/InternalError (0.00s)
    --- PASS: TestListPromotionsAPI/InvalidPageID (0.00s)
    --- PASS: TestListPromotionsAPI/InvalidPageSize (0.00s)
=== RUN   TestGetHomePageTextBannerAPI
=== RUN   TestGetHomePageTextBannerAPI/OK
2024/07/17 22:40:51.069003 app.go:999: [Warn] failed to load views: CreateFile ./web/views: The system cannot find the path specified.
=== RUN   TestGetHomePageTextBannerAPI/NotFound
2024/07/17 22:40:51.069530 app.go:999: [Warn] failed to load views: CreateFile ./web/views: The system cannot find the path specified.
=== RUN   TestGetHomePageTextBannerAPI/InternalError
2024/07/17 22:40:51.070057 app.go:999: [Warn] failed to load views: CreateFile ./web/views: The system cannot find the path specified.
=== RUN   TestGetHomePageTextBannerAPI/InvalidID
2024/07/17 22:40:51.070057 app.go:999: [Warn] failed to load views: CreateFile ./web/views: The system cannot find the path specified.
--- PASS: TestGetHomePageTextBannerAPI (0.00s)
    --- PASS: TestGetHomePageTextBannerAPI/OK (0.00s)
    --- PASS: TestGetHomePageTextBannerAPI/NotFound (0.00s)
    --- PASS: TestGetHomePageTextBannerAPI/InternalError (0.00s)
    --- PASS: TestGetHomePageTextBannerAPI/InvalidID (0.00s)
=== RUN   TestListProductItemsAPI
=== RUN   TestListProductItemsAPI/OK
2024/07/17 22:40:51.070585 app.go:999: [Warn] failed to load views: CreateFile ./web/views: The system cannot find the path specified.
=== RUN   TestListProductItemsAPI/InternalError
2024/07/17 22:40:51.073021 app.go:999: [Warn] failed to load views: CreateFile ./web/views: The system cannot find the path specified.
=== RUN   TestListProductItemsAPI/InvalidPageID
2024/07/17 22:40:51.073526 app.go:999: [Warn] failed to load views: CreateFile ./web/views: The system cannot find the path specified.
=== RUN   TestListProductItemsAPI/InvalidPageSize
2024/07/17 22:40:51.074055 app.go:999: [Warn] failed to load views: CreateFile ./web/views: The system cannot find the path specified.
--- PASS: TestListProductItemsAPI (0.00s)
    --- PASS: TestListProductItemsAPI/OK (0.00s)
    --- PASS: TestListProductItemsAPI/InternalError (0.00s)
    --- PASS: TestListProductItemsAPI/InvalidPageID (0.00s)
    --- PASS: TestListProductItemsAPI/InvalidPageSize (0.00s)
=== RUN   TestUpdateProductAPI
=== RUN   TestUpdateProductAPI/OK
2024/07/17 22:40:51.116522 app.go:999: [Warn] failed to load views: CreateFile ./web/views: The system cannot find the path specified.
=== RUN   TestUpdateProductAPI/Unauthorized
2024/07/17 22:40:51.118807 app.go:999: [Warn] failed to load views: CreateFile ./web/views: The system cannot find the path specified.
=== RUN   TestUpdateProductAPI/NoAuthorization
2024/07/17 22:40:51.119361 app.go:999: [Warn] failed to load views: CreateFile ./web/views: The system cannot find the path specified.
=== RUN   TestUpdateProductAPI/InternalError
2024/07/17 22:40:51.119361 app.go:999: [Warn] failed to load views: CreateFile ./web/views: The system cannot find the path specified.
=== RUN   TestUpdateProductAPI/InvalidID
2024/07/17 22:40:51.119885 app.go:999: [Warn] failed to load views: CreateFile ./web/views: The system cannot find the path specified.
--- PASS: TestUpdateProductAPI (0.05s)
    --- PASS: TestUpdateProductAPI/OK (0.00s)
    --- PASS: TestUpdateProductAPI/Unauthorized (0.00s)
    --- PASS: TestUpdateProductAPI/NoAuthorization (0.00s)
    --- PASS: TestUpdateProductAPI/InternalError (0.00s)
    --- PASS: TestUpdateProductAPI/InvalidID (0.00s)
=== RUN   TestDeleteOrderStatusAPI
=== RUN   TestDeleteOrderStatusAPI/OK
2024/07/17 22:40:51.163274 app.go:999: [Warn] failed to load views: CreateFile ./web/views: The system cannot find the path specified.
=== RUN   TestDeleteOrderStatusAPI/NotFound
2024/07/17 22:40:51.163804 app.go:999: [Warn] failed to load views: CreateFile ./web/views: The system cannot find the path specified.
=== RUN   TestDeleteOrderStatusAPI/InternalError
2024/07/17 22:40:51.164312 app.go:999: [Warn] failed to load views: CreateFile ./web/views: The system cannot find the path specified.
=== RUN   TestDeleteOrderStatusAPI/InvalidID
2024/07/17 22:40:51.164836 app.go:999: [Warn] failed to load views: CreateFile ./web/views: The system cannot find the path specified.
--- PASS: TestDeleteOrderStatusAPI (0.04s)
    --- PASS: TestDeleteOrderStatusAPI/OK (0.00s)
    --- PASS: TestDeleteOrderStatusAPI/NotFound (0.00s)
    --- PASS: TestDeleteOrderStatusAPI/InternalError (0.00s)
    --- PASS: TestDeleteOrderStatusAPI/InvalidID (0.00s)
=== RUN   TestDeleteUserAddressAPI
=== RUN   TestDeleteUserAddressAPI/OK
2024/07/17 22:40:51.208024 app.go:999: [Warn] failed to load views: CreateFile ./web/views: The system cannot find the path specified.
=== RUN   TestDeleteUserAddressAPI/NotFound
2024/07/17 22:40:51.208528 app.go:999: [Warn] failed to load views: CreateFile ./web/views: The system cannot find the path specified.
=== RUN   TestDeleteUserAddressAPI/InternalError
2024/07/17 22:40:51.209059 app.go:999: [Warn] failed to load views: CreateFile ./web/views: The system cannot find the path specified.
=== RUN   TestDeleteUserAddressAPI/InvalidID
2024/07/17 22:40:51.209570 app.go:999: [Warn] failed to load views: CreateFile ./web/views: The system cannot find the path specified.
--- PASS: TestDeleteUserAddressAPI (0.04s)
    --- PASS: TestDeleteUserAddressAPI/OK (0.00s)
    --- PASS: TestDeleteUserAddressAPI/NotFound (0.00s)
    --- PASS: TestDeleteUserAddressAPI/InternalError (0.00s)
    --- PASS: TestDeleteUserAddressAPI/InvalidID (0.00s)
=== RUN   TestDeletePaymentMethodAPI
=== RUN   TestDeletePaymentMethodAPI/OK
2024/07/17 22:40:51.252930 app.go:999: [Warn] failed to load views: CreateFile ./web/views: The system cannot find the path specified.
=== RUN   TestDeletePaymentMethodAPI/NotFound
2024/07/17 22:40:51.253435 app.go:999: [Warn] failed to load views: CreateFile ./web/views: The system cannot find the path specified.
=== RUN   TestDeletePaymentMethodAPI/InternalError
2024/07/17 22:40:51.253963 app.go:999: [Warn] failed to load views: CreateFile ./web/views: The system cannot find the path specified.
=== RUN   TestDeletePaymentMethodAPI/InvalidID
2024/07/17 22:40:51.254473 app.go:999: [Warn] failed to load views: CreateFile ./web/views: The system cannot find the path specified.
--- PASS: TestDeletePaymentMethodAPI (0.04s)
    --- PASS: TestDeletePaymentMethodAPI/OK (0.00s)
    --- PASS: TestDeletePaymentMethodAPI/NotFound (0.00s)
    --- PASS: TestDeletePaymentMethodAPI/InternalError (0.00s)
    --- PASS: TestDeletePaymentMethodAPI/InvalidID (0.00s)
=== RUN   TestListShopOrdersByUserIDNextPageAPI
=== RUN   TestListShopOrdersByUserIDNextPageAPI/OK
2024/07/17 22:40:51.296872 app.go:999: [Warn] failed to load views: CreateFile ./web/views: The system cannot find the path specified.
=== RUN   TestListShopOrdersByUserIDNextPageAPI/No_Authentication
2024/07/17 22:40:51.298380 app.go:999: [Warn] failed to load views: CreateFile ./web/views: The system cannot find the path specified.
=== RUN   TestListShopOrdersByUserIDNextPageAPI/InternalError
2024/07/17 22:40:51.299384 app.go:999: [Warn] failed to load views: CreateFile ./web/views: The system cannot find the path specified.
=== RUN   TestListShopOrdersByUserIDNextPageAPI/InvalidLimit
2024/07/17 22:40:51.299888 app.go:999: [Warn] failed to load views: CreateFile ./web/views: The system cannot find the path specified.
--- PASS: TestListShopOrdersByUserIDNextPageAPI (0.05s)
    --- PASS: TestListShopOrdersByUserIDNextPageAPI/OK (0.00s)
    --- PASS: TestListShopOrdersByUserIDNextPageAPI/No_Authentication (0.00s)
    --- PASS: TestListShopOrdersByUserIDNextPageAPI/InternalError (0.00s)
    --- PASS: TestListShopOrdersByUserIDNextPageAPI/InvalidLimit (0.00s)
=== RUN   TestGetUserReviewAPI
=== RUN   TestGetUserReviewAPI/OK
2024/07/17 22:40:51.341667 app.go:999: [Warn] failed to load views: CreateFile ./web/views: The system cannot find the path specified.
=== RUN   TestGetUserReviewAPI/NoAuthorization
2024/07/17 22:40:51.343171 app.go:999: [Warn] failed to load views: CreateFile ./web/views: The system cannot find the path specified.
=== RUN   TestGetUserReviewAPI/NotFound
2024/07/17 22:40:51.343171 app.go:999: [Warn] failed to load views: CreateFile ./web/views: The system cannot find the path specified.
=== RUN   TestGetUserReviewAPI/InternalError
2024/07/17 22:40:51.343714 app.go:999: [Warn] failed to load views: CreateFile ./web/views: The system cannot find the path specified.
=== RUN   TestGetUserReviewAPI/InvalidID
2024/07/17 22:40:51.344224 app.go:999: [Warn] failed to load views: CreateFile ./web/views: The system cannot find the path specified.
--- PASS: TestGetUserReviewAPI (0.04s)
    --- PASS: TestGetUserReviewAPI/OK (0.00s)
    --- PASS: TestGetUserReviewAPI/NoAuthorization (0.00s)
    --- PASS: TestGetUserReviewAPI/NotFound (0.00s)
    --- PASS: TestGetUserReviewAPI/InternalError (0.00s)
    --- PASS: TestGetUserReviewAPI/InvalidID (0.00s)
=== RUN   TestGetCategoryPromotionAPI
=== RUN   TestGetCategoryPromotionAPI/OK
2024/07/17 22:40:51.344734 app.go:999: [Warn] failed to load views: CreateFile ./web/views: The system cannot find the path specified.
=== RUN   TestGetCategoryPromotionAPI/NotFound
2024/07/17 22:40:51.345252 app.go:999: [Warn] failed to load views: CreateFile ./web/views: The system cannot find the path specified.
=== RUN   TestGetCategoryPromotionAPI/InternalError
2024/07/17 22:40:51.346313 app.go:999: [Warn] failed to load views: CreateFile ./web/views: The system cannot find the path specified.
=== RUN   TestGetCategoryPromotionAPI/InvalidID
2024/07/17 22:40:51.348323 app.go:999: [Warn] failed to load views: CreateFile ./web/views: The system cannot find the path specified.
--- PASS: TestGetCategoryPromotionAPI (0.00s)
    --- PASS: TestGetCategoryPromotionAPI/OK (0.00s)
    --- PASS: TestGetCategoryPromotionAPI/NotFound (0.00s)
    --- PASS: TestGetCategoryPromotionAPI/InternalError (0.00s)
    --- PASS: TestGetCategoryPromotionAPI/InvalidID (0.00s)
=== RUN   TestListProductItemsWithCategoryPromotionsAPI
=== RUN   TestListProductItemsWithCategoryPromotionsAPI/OK
2024/07/17 22:40:51.349324 app.go:999: [Warn] failed to load views: CreateFile ./web/views: The system cannot find the path specified.
=== RUN   TestListProductItemsWithCategoryPromotionsAPI/InternalError
2024/07/17 22:40:51.354047 app.go:999: [Warn] failed to load views: CreateFile ./web/views: The system cannot find the path specified.
=== RUN   TestListProductItemsWithCategoryPromotionsAPI/InvalidLimit
2024/07/17 22:40:51.354555 app.go:999: [Warn] failed to load views: CreateFile ./web/views: The system cannot find the path specified.
--- PASS: TestListProductItemsWithCategoryPromotionsAPI (0.01s)
    --- PASS: TestListProductItemsWithCategoryPromotionsAPI/OK (0.01s)
    --- PASS: TestListProductItemsWithCategoryPromotionsAPI/InternalError (0.00s)
    --- PASS: TestListProductItemsWithCategoryPromotionsAPI/InvalidLimit (0.00s)
=== RUN   TestDeleteProductConfigurationAPI
=== RUN   TestDeleteProductConfigurationAPI/OK
2024/07/17 22:40:51.397457 app.go:999: [Warn] failed to load views: CreateFile ./web/views: The system cannot find the path specified.
=== RUN   TestDeleteProductConfigurationAPI/Unauthorized
2024/07/17 22:40:51.397976 app.go:999: [Warn] failed to load views: CreateFile ./web/views: The system cannot find the path specified.
=== RUN   TestDeleteProductConfigurationAPI/NoAuthorization
2024/07/17 22:40:51.398518 app.go:999: [Warn] failed to load views: CreateFile ./web/views: The system cannot find the path specified.
=== RUN   TestDeleteProductConfigurationAPI/NotFound
2024/07/17 22:40:51.399044 app.go:999: [Warn] failed to load views: CreateFile ./web/views: The system cannot find the path specified.
=== RUN   TestDeleteProductConfigurationAPI/InternalError
2024/07/17 22:40:51.399570 app.go:999: [Warn] failed to load views: CreateFile ./web/views: The system cannot find the path specified.
=== RUN   TestDeleteProductConfigurationAPI/InvalidID
2024/07/17 22:40:51.400097 app.go:999: [Warn] failed to load views: CreateFile ./web/views: The system cannot find the path specified.
--- PASS: TestDeleteProductConfigurationAPI (0.05s)
    --- PASS: TestDeleteProductConfigurationAPI/OK (0.00s)
    --- PASS: TestDeleteProductConfigurationAPI/Unauthorized (0.00s)
    --- PASS: TestDeleteProductConfigurationAPI/NoAuthorization (0.00s)
    --- PASS: TestDeleteProductConfigurationAPI/NotFound (0.00s)
    --- PASS: TestDeleteProductConfigurationAPI/InternalError (0.00s)
    --- PASS: TestDeleteProductConfigurationAPI/InvalidID (0.00s)
=== RUN   TestDeleteUserAPI
=== RUN   TestDeleteUserAPI/OK
2024/07/17 22:40:51.486785 app.go:999: [Warn] failed to load views: CreateFile ./web/views: The system cannot find the path specified.
=== RUN   TestDeleteUserAPI/Unauthorized
2024/07/17 22:40:51.487293 app.go:999: [Warn] failed to load views: CreateFile ./web/views: The system cannot find the path specified.
=== RUN   TestDeleteUserAPI/NotFound
2024/07/17 22:40:51.488380 app.go:999: [Warn] failed to load views: CreateFile ./web/views: The system cannot find the path specified.
=== RUN   TestDeleteUserAPI/InternalError
2024/07/17 22:40:51.488926 app.go:999: [Warn] failed to load views: CreateFile ./web/views: The system cannot find the path specified.
=== RUN   TestDeleteUserAPI/InvalidID
2024/07/17 22:40:51.489446 app.go:999: [Warn] failed to load views: CreateFile ./web/views: The system cannot find the path specified.
--- PASS: TestDeleteUserAPI (0.09s)
    --- PASS: TestDeleteUserAPI/OK (0.00s)
    --- PASS: TestDeleteUserAPI/Unauthorized (0.00s)
    --- PASS: TestDeleteUserAPI/NotFound (0.00s)
    --- PASS: TestDeleteUserAPI/InternalError (0.00s)
    --- PASS: TestDeleteUserAPI/InvalidID (0.00s)
=== RUN   TestCreateProductConfigurationAPI
=== RUN   TestCreateProductConfigurationAPI/OK
2024/07/17 22:40:51.533488 app.go:999: [Warn] failed to load views: CreateFile ./web/views: The system cannot find the path specified.
=== RUN   TestCreateProductConfigurationAPI/NoAuthorization
2024/07/17 22:40:51.534893 app.go:999: [Warn] failed to load views: CreateFile ./web/views: The system cannot find the path specified.
=== RUN   TestCreateProductConfigurationAPI/Unauthorized
2024/07/17 22:40:51.534893 app.go:999: [Warn] failed to load views: CreateFile ./web/views: The system cannot find the path specified.
=== RUN   TestCreateProductConfigurationAPI/InternalError
2024/07/17 22:40:51.535399 app.go:999: [Warn] failed to load views: CreateFile ./web/views: The system cannot find the path specified.
=== RUN   TestCreateProductConfigurationAPI/InvalidID
2024/07/17 22:40:51.535954 app.go:999: [Warn] failed to load views: CreateFile ./web/views: The system cannot find the path specified.
--- PASS: TestCreateProductConfigurationAPI (0.05s)
    --- PASS: TestCreateProductConfigurationAPI/OK (0.00s)
    --- PASS: TestCreateProductConfigurationAPI/NoAuthorization (0.00s)
    --- PASS: TestCreateProductConfigurationAPI/Unauthorized (0.00s)
    --- PASS: TestCreateProductConfigurationAPI/InternalError (0.00s)
    --- PASS: TestCreateProductConfigurationAPI/InvalidID (0.00s)
=== RUN   TestListProductItemsWithPromotionsNextPageAPI
=== RUN   TestListProductItemsWithPromotionsNextPageAPI/OK
2024/07/17 22:40:51.536503 app.go:999: [Warn] failed to load views: CreateFile ./web/views: The system cannot find the path specified.
=== RUN   TestListProductItemsWithPromotionsNextPageAPI/InternalError
2024/07/17 22:40:51.539377 app.go:999: [Warn] failed to load views: CreateFile ./web/views: The system cannot find the path specified.
=== RUN   TestListProductItemsWithPromotionsNextPageAPI/InvalidLimit
2024/07/17 22:40:51.539881 app.go:999: [Warn] failed to load views: CreateFile ./web/views: The system cannot find the path specified.
--- PASS: TestListProductItemsWithPromotionsNextPageAPI (0.00s)
    --- PASS: TestListProductItemsWithPromotionsNextPageAPI/OK (0.00s)
    --- PASS: TestListProductItemsWithPromotionsNextPageAPI/InternalError (0.00s)
    --- PASS: TestListProductItemsWithPromotionsNextPageAPI/InvalidLimit (0.00s)
=== RUN   TestGetProductItemAPI
=== RUN   TestGetProductItemAPI/OK
2024/07/17 22:40:51.540403 app.go:999: [Warn] failed to load views: CreateFile ./web/views: The system cannot find the path specified.
=== RUN   TestGetProductItemAPI/NotFound
2024/07/17 22:40:51.540403 app.go:999: [Warn] failed to load views: CreateFile ./web/views: The system cannot find the path specified.
=== RUN   TestGetProductItemAPI/InternalError
2024/07/17 22:40:51.540917 app.go:999: [Warn] failed to load views: CreateFile ./web/views: The system cannot find the path specified.
=== RUN   TestGetProductItemAPI/InvalidID
2024/07/17 22:40:51.541436 app.go:999: [Warn] failed to load views: CreateFile ./web/views: The system cannot find the path specified.
--- PASS: TestGetProductItemAPI (0.00s)
    --- PASS: TestGetProductItemAPI/OK (0.00s)
    --- PASS: TestGetProductItemAPI/NotFound (0.00s)
    --- PASS: TestGetProductItemAPI/InternalError (0.00s)
    --- PASS: TestGetProductItemAPI/InvalidID (0.00s)
=== RUN   TestUpdateVariationAPI
=== RUN   TestUpdateVariationAPI/OK
2024/07/17 22:40:51.585306 app.go:999: [Warn] failed to load views: CreateFile ./web/views: The system cannot find the path specified.
=== RUN   TestUpdateVariationAPI/Unauthorized
2024/07/17 22:40:51.586347 app.go:999: [Warn] failed to load views: CreateFile ./web/views: The system cannot find the path specified.
=== RUN   TestUpdateVariationAPI/NoAuthorization
2024/07/17 22:40:51.586870 app.go:999: [Warn] failed to load views: CreateFile ./web/views: The system cannot find the path specified.
=== RUN   TestUpdateVariationAPI/InternalError
2024/07/17 22:40:51.587399 app.go:999: [Warn] failed to load views: CreateFile ./web/views: The system cannot find the path specified.
=== RUN   TestUpdateVariationAPI/InvalidID
2024/07/17 22:40:51.587920 app.go:999: [Warn] failed to load views: CreateFile ./web/views: The system cannot find the path specified.
--- PASS: TestUpdateVariationAPI (0.05s)
    --- PASS: TestUpdateVariationAPI/OK (0.00s)
    --- PASS: TestUpdateVariationAPI/Unauthorized (0.00s)
    --- PASS: TestUpdateVariationAPI/NoAuthorization (0.00s)
    --- PASS: TestUpdateVariationAPI/InternalError (0.00s)
    --- PASS: TestUpdateVariationAPI/InvalidID (0.00s)
=== RUN   TestCreatePaymentMethodAPI
=== RUN   TestCreatePaymentMethodAPI/OK
2024/07/17 22:40:51.630912 app.go:999: [Warn] failed to load views: CreateFile ./web/views: The system cannot find the path specified.
=== RUN   TestCreatePaymentMethodAPI/NoAuthorization
2024/07/17 22:40:51.632256 app.go:999: [Warn] failed to load views: CreateFile ./web/views: The system cannot find the path specified.
=== RUN   TestCreatePaymentMethodAPI/InternalError
2024/07/17 22:40:51.632256 app.go:999: [Warn] failed to load views: CreateFile ./web/views: The system cannot find the path specified.
=== RUN   TestCreatePaymentMethodAPI/InvalidUserID
2024/07/17 22:40:51.632759 app.go:999: [Warn] failed to load views: CreateFile ./web/views: The system cannot find the path specified.
--- PASS: TestCreatePaymentMethodAPI (0.05s)
    --- PASS: TestCreatePaymentMethodAPI/OK (0.00s)
    --- PASS: TestCreatePaymentMethodAPI/NoAuthorization (0.00s)
    --- PASS: TestCreatePaymentMethodAPI/InternalError (0.00s)
    --- PASS: TestCreatePaymentMethodAPI/InvalidUserID (0.00s)
=== RUN   TestGetProductCategoryAPI
=== RUN   TestGetProductCategoryAPI/OK
2024/07/17 22:40:51.633313 app.go:999: [Warn] failed to load views: CreateFile ./web/views: The system cannot find the path specified.
=== RUN   TestGetProductCategoryAPI/NotFound
2024/07/17 22:40:51.633841 app.go:999: [Warn] failed to load views: CreateFile ./web/views: The system cannot find the path specified.
=== RUN   TestGetProductCategoryAPI/InternalError
2024/07/17 22:40:51.633841 app.go:999: [Warn] failed to load views: CreateFile ./web/views: The system cannot find the path specified.
=== RUN   TestGetProductCategoryAPI/InvalidID
2024/07/17 22:40:51.634353 app.go:999: [Warn] failed to load views: CreateFile ./web/views: The system cannot find the path specified.
--- PASS: TestGetProductCategoryAPI (0.00s)
    --- PASS: TestGetProductCategoryAPI/OK (0.00s)
    --- PASS: TestGetProductCategoryAPI/NotFound (0.00s)
    --- PASS: TestGetProductCategoryAPI/InternalError (0.00s)
    --- PASS: TestGetProductCategoryAPI/InvalidID (0.00s)
=== RUN   TestCreateVariationOptionAPI
=== RUN   TestCreateVariationOptionAPI/OK
2024/07/17 22:40:51.677293 app.go:999: [Warn] failed to load views: CreateFile ./web/views: The system cannot find the path specified.
=== RUN   TestCreateVariationOptionAPI/NoAuthorization
2024/07/17 22:40:51.678411 app.go:999: [Warn] failed to load views: CreateFile ./web/views: The system cannot find the path specified.
=== RUN   TestCreateVariationOptionAPI/Unauthorized
2024/07/17 22:40:51.678914 app.go:999: [Warn] failed to load views: CreateFile ./web/views: The system cannot find the path specified.
=== RUN   TestCreateVariationOptionAPI/InternalError
2024/07/17 22:40:51.679436 app.go:999: [Warn] failed to load views: CreateFile ./web/views: The system cannot find the path specified.
=== RUN   TestCreateVariationOptionAPI/InvalidID
2024/07/17 22:40:51.679960 app.go:999: [Warn] failed to load views: CreateFile ./web/views: The system cannot find the path specified.
--- PASS: TestCreateVariationOptionAPI (0.05s)
    --- PASS: TestCreateVariationOptionAPI/OK (0.00s)
    --- PASS: TestCreateVariationOptionAPI/NoAuthorization (0.00s)
    --- PASS: TestCreateVariationOptionAPI/Unauthorized (0.00s)
    --- PASS: TestCreateVariationOptionAPI/InternalError (0.00s)
    --- PASS: TestCreateVariationOptionAPI/InvalidID (0.00s)
=== RUN   TestGetVariationAPI
=== RUN   TestGetVariationAPI/OK
2024/07/17 22:40:51.679960 app.go:999: [Warn] failed to load views: CreateFile ./web/views: The system cannot find the path specified.
=== RUN   TestGetVariationAPI/NotFound
2024/07/17 22:40:51.680490 app.go:999: [Warn] failed to load views: CreateFile ./web/views: The system cannot find the path specified.
=== RUN   TestGetVariationAPI/InternalError
2024/07/17 22:40:51.681001 app.go:999: [Warn] failed to load views: CreateFile ./web/views: The system cannot find the path specified.
=== RUN   TestGetVariationAPI/InvalidID
2024/07/17 22:40:51.681539 app.go:999: [Warn] failed to load views: CreateFile ./web/views: The system cannot find the path specified.
--- PASS: TestGetVariationAPI (0.00s)
    --- PASS: TestGetVariationAPI/OK (0.00s)
    --- PASS: TestGetVariationAPI/NotFound (0.00s)
    --- PASS: TestGetVariationAPI/InternalError (0.00s)
    --- PASS: TestGetVariationAPI/InvalidID (0.00s)
=== RUN   TestUpdateUserAddressAPI
=== RUN   TestUpdateUserAddressAPI/OK
2024/07/17 22:40:51.724845 app.go:999: [Warn] failed to load views: CreateFile ./web/views: The system cannot find the path specified.
=== RUN   TestUpdateUserAddressAPI/NoAuthorization
2024/07/17 22:40:51.726433 app.go:999: [Warn] failed to load views: CreateFile ./web/views: The system cannot find the path specified.
=== RUN   TestUpdateUserAddressAPI/InternalError
2024/07/17 22:40:51.726943 app.go:999: [Warn] failed to load views: CreateFile ./web/views: The system cannot find the path specified.
=== RUN   TestUpdateUserAddressAPI/InvalidUserID
2024/07/17 22:40:51.727481 app.go:999: [Warn] failed to load views: CreateFile ./web/views: The system cannot find the path specified.
--- PASS: TestUpdateUserAddressAPI (0.05s)
    --- PASS: TestUpdateUserAddressAPI/OK (0.00s)
    --- PASS: TestUpdateUserAddressAPI/NoAuthorization (0.00s)
    --- PASS: TestUpdateUserAddressAPI/InternalError (0.00s)
    --- PASS: TestUpdateUserAddressAPI/InvalidUserID (0.00s)
=== RUN   TestListUsersAddressAPI
=== RUN   TestListUsersAddressAPI/OK
2024/07/17 22:40:51.770901 app.go:999: [Warn] failed to load views: CreateFile ./web/views: The system cannot find the path specified.
=== RUN   TestListUsersAddressAPI/InternalError
2024/07/17 22:40:51.772164 app.go:999: [Warn] failed to load views: CreateFile ./web/views: The system cannot find the path specified.
=== RUN   TestListUsersAddressAPI/InvalidPageID
2024/07/17 22:40:51.772164 app.go:999: [Warn] failed to load views: CreateFile ./web/views: The system cannot find the path specified.
=== RUN   TestListUsersAddressAPI/InvalidPageSize
2024/07/17 22:40:51.772669 app.go:999: [Warn] failed to load views: CreateFile ./web/views: The system cannot find the path specified.
--- PASS: TestListUsersAddressAPI (0.05s)
    --- PASS: TestListUsersAddressAPI/OK (0.00s)
    --- PASS: TestListUsersAddressAPI/InternalError (0.00s)
    --- PASS: TestListUsersAddressAPI/InvalidPageID (0.00s)
    --- PASS: TestListUsersAddressAPI/InvalidPageSize (0.00s)
=== RUN   TestGetShoppingCartItemAPI
=== RUN   TestGetShoppingCartItemAPI/OK
2024/07/17 22:40:51.816176 app.go:999: [Warn] failed to load views: CreateFile ./web/views: The system cannot find the path specified.
=== RUN   TestGetShoppingCartItemAPI/NoAuthorization
2024/07/17 22:40:51.817357 app.go:999: [Warn] failed to load views: CreateFile ./web/views: The system cannot find the path specified.
=== RUN   TestGetShoppingCartItemAPI/InternalError
2024/07/17 22:40:51.817357 app.go:999: [Warn] failed to load views: CreateFile ./web/views: The system cannot find the path specified.
=== RUN   TestGetShoppingCartItemAPI/InvalidUserID
2024/07/17 22:40:51.817861 app.go:999: [Warn] failed to load views: CreateFile ./web/views: The system cannot find the path specified.
--- PASS: TestGetShoppingCartItemAPI (0.05s)
    --- PASS: TestGetShoppingCartItemAPI/OK (0.00s)
    --- PASS: TestGetShoppingCartItemAPI/NoAuthorization (0.00s)
    --- PASS: TestGetShoppingCartItemAPI/InternalError (0.00s)
    --- PASS: TestGetShoppingCartItemAPI/InvalidUserID (0.00s)
=== RUN   TestListProductItemsWithPromotionsAPI
=== RUN   TestListProductItemsWithPromotionsAPI/OK
2024/07/17 22:40:51.818388 app.go:999: [Warn] failed to load views: CreateFile ./web/views: The system cannot find the path specified.
=== RUN   TestListProductItemsWithPromotionsAPI/InternalError
2024/07/17 22:40:51.820050 app.go:999: [Warn] failed to load views: CreateFile ./web/views: The system cannot find the path specified.
=== RUN   TestListProductItemsWithPromotionsAPI/InvalidLimit
2024/07/17 22:40:51.821056 app.go:999: [Warn] failed to load views: CreateFile ./web/views: The system cannot find the path specified.
--- PASS: TestListProductItemsWithPromotionsAPI (0.00s)
    --- PASS: TestListProductItemsWithPromotionsAPI/OK (0.00s)
    --- PASS: TestListProductItemsWithPromotionsAPI/InternalError (0.00s)
    --- PASS: TestListProductItemsWithPromotionsAPI/InvalidLimit (0.00s)
=== RUN   TestGetProductAPI
=== RUN   TestGetProductAPI/OK
2024/07/17 22:40:51.821561 app.go:999: [Warn] failed to load views: CreateFile ./web/views: The system cannot find the path specified.
=== RUN   TestGetProductAPI/NotFound
2024/07/17 22:40:51.822085 app.go:999: [Warn] failed to load views: CreateFile ./web/views: The system cannot find the path specified.
=== RUN   TestGetProductAPI/InternalError
2024/07/17 22:40:51.822085 app.go:999: [Warn] failed to load views: CreateFile ./web/views: The system cannot find the path specified.
=== RUN   TestGetProductAPI/InvalidID
2024/07/17 22:40:51.822611 app.go:999: [Warn] failed to load views: CreateFile ./web/views: The system cannot find the path specified.
--- PASS: TestGetProductAPI (0.00s)
    --- PASS: TestGetProductAPI/OK (0.00s)
    --- PASS: TestGetProductAPI/NotFound (0.00s)
    --- PASS: TestGetProductAPI/InternalError (0.00s)
    --- PASS: TestGetProductAPI/InvalidID (0.00s)
=== RUN   TestCreateOrderStatusAPI
=== RUN   TestCreateOrderStatusAPI/OK
2024/07/17 22:40:51.865606 app.go:999: [Warn] failed to load views: CreateFile ./web/views: The system cannot find the path specified.
=== RUN   TestCreateOrderStatusAPI/NoAuthorization
2024/07/17 22:40:51.866676 app.go:999: [Warn] failed to load views: CreateFile ./web/views: The system cannot find the path specified.
=== RUN   TestCreateOrderStatusAPI/InternalError
2024/07/17 22:40:51.867188 app.go:999: [Warn] failed to load views: CreateFile ./web/views: The system cannot find the path specified.
=== RUN   TestCreateOrderStatusAPI/InvalidUserID
2024/07/17 22:40:51.867713 app.go:999: [Warn] failed to load views: CreateFile ./web/views: The system cannot find the path specified.
--- PASS: TestCreateOrderStatusAPI (0.05s)
    --- PASS: TestCreateOrderStatusAPI/OK (0.00s)
    --- PASS: TestCreateOrderStatusAPI/NoAuthorization (0.00s)
    --- PASS: TestCreateOrderStatusAPI/InternalError (0.00s)
    --- PASS: TestCreateOrderStatusAPI/InvalidUserID (0.00s)
=== RUN   TestListPaymentTypeAPI
=== RUN   TestListPaymentTypeAPI/OK
2024/07/17 22:40:51.911576 app.go:999: [Warn] failed to load views: CreateFile ./web/views: The system cannot find the path specified.
=== RUN   TestListPaymentTypeAPI/InternalError
2024/07/17 22:40:51.912736 app.go:999: [Warn] failed to load views: CreateFile ./web/views: The system cannot find the path specified.
--- PASS: TestListPaymentTypeAPI (0.04s)
    --- PASS: TestListPaymentTypeAPI/OK (0.00s)
    --- PASS: TestListPaymentTypeAPI/InternalError (0.00s)
=== RUN   TestListProductItemsV2API
=== RUN   TestListProductItemsV2API/OK
2024/07/17 22:40:51.913256 app.go:999: [Warn] failed to load views: CreateFile ./web/views: The system cannot find the path specified.
=== RUN   TestListProductItemsV2API/InternalError
2024/07/17 22:40:51.916436 app.go:999: [Warn] failed to load views: CreateFile ./web/views: The system cannot find the path specified.
=== RUN   TestListProductItemsV2API/InvalidLimit
2024/07/17 22:40:51.916943 app.go:999: [Warn] failed to load views: CreateFile ./web/views: The system cannot find the path specified.
--- PASS: TestListProductItemsV2API (0.00s)
    --- PASS: TestListProductItemsV2API/OK (0.00s)
    --- PASS: TestListProductItemsV2API/InternalError (0.00s)
    --- PASS: TestListProductItemsV2API/InvalidLimit (0.00s)
=== RUN   TestDeleteProductCategoryAPI
=== RUN   TestDeleteProductCategoryAPI/OK
2024/07/17 22:40:51.959730 app.go:999: [Warn] failed to load views: CreateFile ./web/views: The system cannot find the path specified.
=== RUN   TestDeleteProductCategoryAPI/Unauthorized
2024/07/17 22:40:51.961273 app.go:999: [Warn] failed to load views: CreateFile ./web/views: The system cannot find the path specified.
=== RUN   TestDeleteProductCategoryAPI/NoAuthorization
2024/07/17 22:40:51.961329 app.go:999: [Warn] failed to load views: CreateFile ./web/views: The system cannot find the path specified.
=== RUN   TestDeleteProductCategoryAPI/NotFound
2024/07/17 22:40:51.961832 app.go:999: [Warn] failed to load views: CreateFile ./web/views: The system cannot find the path specified.
=== RUN   TestDeleteProductCategoryAPI/InternalError
2024/07/17 22:40:51.962349 app.go:999: [Warn] failed to load views: CreateFile ./web/views: The system cannot find the path specified.
=== RUN   TestDeleteProductCategoryAPI/InvalidID
2024/07/17 22:40:51.962862 app.go:999: [Warn] failed to load views: CreateFile ./web/views: The system cannot find the path specified.
--- PASS: TestDeleteProductCategoryAPI (0.05s)
    --- PASS: TestDeleteProductCategoryAPI/OK (0.00s)
    --- PASS: TestDeleteProductCategoryAPI/Unauthorized (0.00s)
    --- PASS: TestDeleteProductCategoryAPI/NoAuthorization (0.00s)
    --- PASS: TestDeleteProductCategoryAPI/NotFound (0.00s)
    --- PASS: TestDeleteProductCategoryAPI/InternalError (0.00s)
    --- PASS: TestDeleteProductCategoryAPI/InvalidID (0.00s)
=== RUN   TestUpdatePromotionAPI
=== RUN   TestUpdatePromotionAPI/OK
2024/07/17 22:40:52.006162 app.go:999: [Warn] failed to load views: CreateFile ./web/views: The system cannot find the path specified.
=== RUN   TestUpdatePromotionAPI/Unauthorized
2024/07/17 22:40:52.007741 app.go:999: [Warn] failed to load views: CreateFile ./web/views: The system cannot find the path specified.
=== RUN   TestUpdatePromotionAPI/NoAuthorization
2024/07/17 22:40:52.008249 app.go:999: [Warn] failed to load views: CreateFile ./web/views: The system cannot find the path specified.
=== RUN   TestUpdatePromotionAPI/InternalError
2024/07/17 22:40:52.008249 app.go:999: [Warn] failed to load views: CreateFile ./web/views: The system cannot find the path specified.
=== RUN   TestUpdatePromotionAPI/InvalidID
2024/07/17 22:40:52.008767 app.go:999: [Warn] failed to load views: CreateFile ./web/views: The system cannot find the path specified.
--- PASS: TestUpdatePromotionAPI (0.05s)
    --- PASS: TestUpdatePromotionAPI/OK (0.00s)
    --- PASS: TestUpdatePromotionAPI/Unauthorized (0.00s)
    --- PASS: TestUpdatePromotionAPI/NoAuthorization (0.00s)
    --- PASS: TestUpdatePromotionAPI/InternalError (0.00s)
    --- PASS: TestUpdatePromotionAPI/InvalidID (0.00s)
=== RUN   TestUpdateOrderStatusAPI
=== RUN   TestUpdateOrderStatusAPI/OK
2024/07/17 22:40:52.051948 app.go:999: [Warn] failed to load views: CreateFile ./web/views: The system cannot find the path specified.
=== RUN   TestUpdateOrderStatusAPI/NoAuthorization
2024/07/17 22:40:52.053086 app.go:999: [Warn] failed to load views: CreateFile ./web/views: The system cannot find the path specified.
=== RUN   TestUpdateOrderStatusAPI/InternalError
2024/07/17 22:40:52.053589 app.go:999: [Warn] failed to load views: CreateFile ./web/views: The system cannot find the path specified.
=== RUN   TestUpdateOrderStatusAPI/InvalidUserID
2024/07/17 22:40:52.054111 app.go:999: [Warn] failed to load views: CreateFile ./web/views: The system cannot find the path specified.
--- PASS: TestUpdateOrderStatusAPI (0.05s)
    --- PASS: TestUpdateOrderStatusAPI/OK (0.00s)
    --- PASS: TestUpdateOrderStatusAPI/NoAuthorization (0.00s)
    --- PASS: TestUpdateOrderStatusAPI/InternalError (0.00s)
    --- PASS: TestUpdateOrderStatusAPI/InvalidUserID (0.00s)
=== RUN   TestUpdatePaymentMethodAPI
=== RUN   TestUpdatePaymentMethodAPI/OK
2024/07/17 22:40:52.097340 app.go:999: [Warn] failed to load views: CreateFile ./web/views: The system cannot find the path specified.
=== RUN   TestUpdatePaymentMethodAPI/NoAuthorization
2024/07/17 22:40:52.098834 app.go:999: [Warn] failed to load views: CreateFile ./web/views: The system cannot find the path specified.
=== RUN   TestUpdatePaymentMethodAPI/InternalError
2024/07/17 22:40:52.099339 app.go:999: [Warn] failed to load views: CreateFile ./web/views: The system cannot find the path specified.
=== RUN   TestUpdatePaymentMethodAPI/InvalidUserID
2024/07/17 22:40:52.099860 app.go:999: [Warn] failed to load views: CreateFile ./web/views: The system cannot find the path specified.
--- PASS: TestUpdatePaymentMethodAPI (0.05s)
    --- PASS: TestUpdatePaymentMethodAPI/OK (0.00s)
    --- PASS: TestUpdatePaymentMethodAPI/NoAuthorization (0.00s)
    --- PASS: TestUpdatePaymentMethodAPI/InternalError (0.00s)
    --- PASS: TestUpdatePaymentMethodAPI/InvalidUserID (0.00s)
=== RUN   TestDeleteProductPromotionAPI
=== RUN   TestDeleteProductPromotionAPI/OK
2024/07/17 22:40:52.142427 app.go:999: [Warn] failed to load views: CreateFile ./web/views: The system cannot find the path specified.
=== RUN   TestDeleteProductPromotionAPI/Unauthorized
2024/07/17 22:40:52.143433 app.go:999: [Warn] failed to load views: CreateFile ./web/views: The system cannot find the path specified.
=== RUN   TestDeleteProductPromotionAPI/NoAuthorization
2024/07/17 22:40:52.143959 app.go:999: [Warn] failed to load views: CreateFile ./web/views: The system cannot find the path specified.
=== RUN   TestDeleteProductPromotionAPI/NotFound
2024/07/17 22:40:52.144473 app.go:999: [Warn] failed to load views: CreateFile ./web/views: The system cannot find the path specified.
=== RUN   TestDeleteProductPromotionAPI/InternalError
2024/07/17 22:40:52.145013 app.go:999: [Warn] failed to load views: CreateFile ./web/views: The system cannot find the path specified.
=== RUN   TestDeleteProductPromotionAPI/InvalidID
2024/07/17 22:40:52.145539 app.go:999: [Warn] failed to load views: CreateFile ./web/views: The system cannot find the path specified.
--- PASS: TestDeleteProductPromotionAPI (0.05s)
    --- PASS: TestDeleteProductPromotionAPI/OK (0.00s)
    --- PASS: TestDeleteProductPromotionAPI/Unauthorized (0.00s)
    --- PASS: TestDeleteProductPromotionAPI/NoAuthorization (0.00s)
    --- PASS: TestDeleteProductPromotionAPI/NotFound (0.00s)
    --- PASS: TestDeleteProductPromotionAPI/InternalError (0.00s)
    --- PASS: TestDeleteProductPromotionAPI/InvalidID (0.00s)
=== RUN   TestGetProductBrandAPI
=== RUN   TestGetProductBrandAPI/OK
2024/07/17 22:40:52.146059 app.go:999: [Warn] failed to load views: CreateFile ./web/views: The system cannot find the path specified.
=== RUN   TestGetProductBrandAPI/NotFound
2024/07/17 22:40:52.146590 app.go:999: [Warn] failed to load views: CreateFile ./web/views: The system cannot find the path specified.
=== RUN   TestGetProductBrandAPI/InternalError
2024/07/17 22:40:52.147120 app.go:999: [Warn] failed to load views: CreateFile ./web/views: The system cannot find the path specified.
=== RUN   TestGetProductBrandAPI/InvalidID
2024/07/17 22:40:52.147120 app.go:999: [Warn] failed to load views: CreateFile ./web/views: The system cannot find the path specified.
--- PASS: TestGetProductBrandAPI (0.00s)
    --- PASS: TestGetProductBrandAPI/OK (0.00s)
    --- PASS: TestGetProductBrandAPI/NotFound (0.00s)
    --- PASS: TestGetProductBrandAPI/InternalError (0.00s)
    --- PASS: TestGetProductBrandAPI/InvalidID (0.00s)
=== RUN   TestCreateBrandPromotionAPI
=== RUN   TestCreateBrandPromotionAPI/OK
2024/07/17 22:40:52.190347 app.go:999: [Warn] failed to load views: CreateFile ./web/views: The system cannot find the path specified.
=== RUN   TestCreateBrandPromotionAPI/NoAuthorization
2024/07/17 22:40:52.191889 app.go:999: [Warn] failed to load views: CreateFile ./web/views: The system cannot find the path specified.
=== RUN   TestCreateBrandPromotionAPI/Unauthorized
2024/07/17 22:40:52.192400 app.go:999: [Warn] failed to load views: CreateFile ./web/views: The system cannot find the path specified.
=== RUN   TestCreateBrandPromotionAPI/InternalError
2024/07/17 22:40:52.192927 app.go:999: [Warn] failed to load views: CreateFile ./web/views: The system cannot find the path specified.
=== RUN   TestCreateBrandPromotionAPI/InvalidID
2024/07/17 22:40:52.192927 app.go:999: [Warn] failed to load views: CreateFile ./web/views: The system cannot find the path specified.
--- PASS: TestCreateBrandPromotionAPI (0.05s)
    --- PASS: TestCreateBrandPromotionAPI/OK (0.00s)
    --- PASS: TestCreateBrandPromotionAPI/NoAuthorization (0.00s)
    --- PASS: TestCreateBrandPromotionAPI/Unauthorized (0.00s)
    --- PASS: TestCreateBrandPromotionAPI/InternalError (0.00s)
    --- PASS: TestCreateBrandPromotionAPI/InvalidID (0.00s)
=== CONT  TestLoginUserAPI
=== CONT  TestCreateUserAPI
=== RUN   TestLoginUserAPI/OK
=== RUN   TestCreateUserAPI/OK
2024/07/17 22:40:52.238113 app.go:999: [Warn] failed to load views: CreateFile ./web/views: The system cannot find the path specified.
2024/07/17 22:40:52.238113 app.go:999: [Warn] failed to load views: CreateFile ./web/views: The system cannot find the path specified.
=== RUN   TestLoginUserAPI/UserNotFound
2024/07/17 22:40:52.284431 app.go:999: [Warn] failed to load views: CreateFile ./web/views: The system cannot find the path specified.
=== RUN   TestLoginUserAPI/IncorrectPassword
2024/07/17 22:40:52.284976 app.go:999: [Warn] failed to load views: CreateFile ./web/views: The system cannot find the path specified.
=== RUN   TestCreateUserAPI/InternalError
=== RUN   TestLoginUserAPI/InternalError
2024/07/17 22:40:52.328532 app.go:999: [Warn] failed to load views: CreateFile ./web/views: The system cannot find the path specified.
2024/07/17 22:40:52.328532 app.go:999: [Warn] failed to load views: CreateFile ./web/views: The system cannot find the path specified.
=== RUN   TestLoginUserAPI/InvalidUsername
2024/07/17 22:40:52.329039 app.go:999: [Warn] failed to load views: CreateFile ./web/views: The system cannot find the path specified.
--- PASS: TestLoginUserAPI (0.14s)
    --- PASS: TestLoginUserAPI/OK (0.05s)
    --- PASS: TestLoginUserAPI/UserNotFound (0.00s)
    --- PASS: TestLoginUserAPI/IncorrectPassword (0.04s)
    --- PASS: TestLoginUserAPI/InternalError (0.00s)
    --- PASS: TestLoginUserAPI/InvalidUsername (0.00s)
=== RUN   TestCreateUserAPI/DuplicateUsername
2024/07/17 22:40:52.413315 app.go:999: [Warn] failed to load views: CreateFile ./web/views: The system cannot find the path specified.
=== RUN   TestCreateUserAPI/InvalidEmail
2024/07/17 22:40:52.499615 app.go:999: [Warn] failed to load views: CreateFile ./web/views: The system cannot find the path specified.
=== RUN   TestCreateUserAPI/TooShortPassword
2024/07/17 22:40:52.501127 app.go:999: [Warn] failed to load views: CreateFile ./web/views: The system cannot find the path specified.
--- PASS: TestCreateUserAPI (0.31s)
    --- PASS: TestCreateUserAPI/OK (0.09s)
    --- PASS: TestCreateUserAPI/InternalError (0.09s)
    --- PASS: TestCreateUserAPI/DuplicateUsername (0.09s)
    --- PASS: TestCreateUserAPI/InvalidEmail (0.00s)
    --- PASS: TestCreateUserAPI/TooShortPassword (0.00s)
FAIL
coverage: 64.5% of statements
FAIL	github.com/cshop/v3/api	5.278s
-test.shuffle 1721248847493875400
=== RUN   TestCreateUserSession
=== PAUSE TestCreateUserSession
=== RUN   TestDeleteUser
--- PASS: TestDeleteUser (0.06s)
=== RUN   TestGetActiveProductItems
--- PASS: TestGetActiveProductItems (0.05s)
=== RUN   TestGetUserAddressWithAddress
--- PASS: TestGetUserAddressWithAddress (0.05s)
=== RUN   TestCreateProductCategory
--- PASS: TestCreateProductCategory (0.00s)
=== RUN   TestCreateProductItem
--- PASS: TestCreateProductItem (0.05s)
=== RUN   TestCreatePromotion
--- PASS: TestCreatePromotion (0.00s)
=== RUN   TestListUserAddresses
=== PAUSE TestListUserAddresses
=== RUN   TestListProductBrands
--- PASS: TestListProductBrands (0.04s)
=== RUN   TestGetShippingMethod
--- PASS: TestGetShippingMethod (0.00s)
=== RUN   TestGetOrderStatus
--- PASS: TestGetOrderStatus (0.00s)
=== RUN   TestListProductConfigurations
--- PASS: TestListProductConfigurations (0.57s)
=== RUN   TestAdminCreateProductBrand
--- PASS: TestAdminCreateProductBrand (0.00s)
=== RUN   TestDeleteProductCategoryParent
--- PASS: TestDeleteProductCategoryParent (0.01s)
=== RUN   TestListShopOrderItemsByUserIDOrderID
--- PASS: TestListShopOrderItemsByUserIDOrderID (0.49s)
=== RUN   TestUpdateShoppingCartItem
=== PAUSE TestUpdateShoppingCartItem
=== RUN   TestDeleteShopOrder
--- PASS: TestDeleteShopOrder (0.07s)
=== RUN   TestDisablePaymentType
--- PASS: TestDisablePaymentType (0.00s)
=== RUN   TestDeleteALLShoppingCartItemes
=== PAUSE TestDeleteALLShoppingCartItemes
=== RUN   TestGetProductPromotion
--- PASS: TestGetProductPromotion (0.03s)
=== RUN   TestCreateOrderStatus
--- PASS: TestCreateOrderStatus (0.00s)
=== RUN   TestGetTotalUsersCount
=== PAUSE TestGetTotalUsersCount
=== RUN   TestCreateUserWithCart
--- PASS: TestCreateUserWithCart (0.05s)
=== RUN   TestGetActiveUsersCount
=== PAUSE TestGetActiveUsersCount
=== RUN   TestCreateProductSize
--- PASS: TestCreateProductSize (0.00s)
=== RUN   TestDeleteNotification
--- PASS: TestDeleteNotification (0.05s)
=== RUN   TestGetProductCategory
--- PASS: TestGetProductCategory (0.02s)
=== RUN   TestUpdateProductItemQtyAndPriceAndActive
--- PASS: TestUpdateProductItemQtyAndPriceAndActive (0.04s)
=== RUN   TestGetProduct
--- PASS: TestGetProduct (0.03s)
=== RUN   TestGetShoppingCartItem
--- PASS: TestGetShoppingCartItem (0.09s)
=== RUN   TestListProductCategories
--- PASS: TestListProductCategories (0.08s)
=== RUN   TestGetUserReview
--- PASS: TestGetUserReview (0.14s)
=== RUN   TestDeleteAddress
--- PASS: TestDeleteAddress (0.01s)
=== RUN   TestCreateWishListItem
=== PAUSE TestCreateWishListItem
=== RUN   TestUpdateAddressCity
--- PASS: TestUpdateAddressCity (0.01s)
=== RUN   TestListShoppingCartItemsByCartID
=== PAUSE TestListShoppingCartItemsByCartID
=== RUN   TestListUserReviews
=== PAUSE TestListUserReviews
=== RUN   TestSearchProductItems
--- PASS: TestSearchProductItems (0.05s)
=== RUN   TestCreateAdminSession
=== PAUSE TestCreateAdminSession
=== RUN   TestGetWishListItem
=== PAUSE TestGetWishListItem
=== RUN   TestListProductItemsWithPromotion
=== PAUSE TestListProductItemsWithPromotion
=== RUN   TestGetHomePageTextBanner
--- PASS: TestGetHomePageTextBanner (0.00s)
=== RUN   TestGetUserByEmail
=== PAUSE TestGetUserByEmail
=== RUN   TestUpdateProductBrand
--- PASS: TestUpdateProductBrand (0.01s)
=== RUN   TestListProductItems
=== PAUSE TestListProductItems
=== RUN   TestUpdateVariationOptionValue
--- PASS: TestUpdateVariationOptionValue (0.02s)
=== RUN   TestUpdateShopOrderOrderTotal
--- PASS: TestUpdateShopOrderOrderTotal (0.06s)
=== RUN   TestDeleteBrandPromotion
6
1614
--- PASS: TestDeleteBrandPromotion (0.02s)
=== RUN   TestListProductPromotionsWithImages
--- PASS: TestListProductPromotionsWithImages (0.15s)
=== RUN   TestFinishedPurchaseTxFailedEmptyStock
=== PAUSE TestFinishedPurchaseTxFailedEmptyStock
=== RUN   TestGetShopOrderItem
=== PAUSE TestGetShopOrderItem
=== RUN   TestGetNotification
=== PAUSE TestGetNotification
=== RUN   TestGetAdmin
--- PASS: TestGetAdmin (0.05s)
=== RUN   TestGetVariation
=== PAUSE TestGetVariation
=== RUN   TestListBrandPromotions
6
1620
2
1621
7
1622
7
1623
7
1624
--- PASS: TestListBrandPromotions (0.06s)
=== RUN   TestCreateProductColor
--- PASS: TestCreateProductColor (0.00s)
=== RUN   TestDeleteProductConfiguration
--- PASS: TestDeleteProductConfiguration (0.06s)
=== RUN   TestListVariationOptions
=== PAUSE TestListVariationOptions
=== RUN   TestUpdatePaymentTypeNameAndCategoryID
--- PASS: TestUpdatePaymentTypeNameAndCategoryID (0.00s)
=== RUN   TestUpdateProductCategoryParent
--- PASS: TestUpdateProductCategoryParent (0.02s)
=== RUN   TestListShopOrderItems
=== PAUSE TestListShopOrderItems
=== RUN   TestDeleteUserAddress
--- PASS: TestDeleteUserAddress (0.05s)
=== RUN   TestGetWishList
--- PASS: TestGetWishList (0.05s)
=== RUN   TestListProductItemsWithBrandPromotion
=== PAUSE TestListProductItemsWithBrandPromotion
=== RUN   TestListBrandPromotionsWithImages
2
1626
1
1627
5
1628
5
1629
7
1630
5
1631
5
1632
1
1633
--- PASS: TestListBrandPromotionsWithImages (0.09s)
=== RUN   TestCreateProductConfiguration
--- PASS: TestCreateProductConfiguration (0.05s)
=== RUN   TestDeleteOrderStatus
--- PASS: TestDeleteOrderStatus (0.00s)
=== RUN   TestDeleteVariationOption
--- PASS: TestDeleteVariationOption (0.02s)
=== RUN   TestCreateHomePageTextBanner
--- PASS: TestCreateHomePageTextBanner (0.00s)
=== RUN   TestDeleteHomePageTextBanner
--- PASS: TestDeleteHomePageTextBanner (0.00s)
=== RUN   TestCreateShoppingCartItem
--- PASS: TestCreateShoppingCartItem (0.08s)
=== RUN   TestUpdateHomePageTextBanner
--- PASS: TestUpdateHomePageTextBanner (0.00s)
=== RUN   TestCreateProductPromotion
--- PASS: TestCreateProductPromotion (0.03s)
=== RUN   TestDeleteAdminTypeByID
--- PASS: TestDeleteAdminTypeByID (0.00s)
=== RUN   TestUpdateShippingMethodNameAndPrice
--- PASS: TestUpdateShippingMethodNameAndPrice (0.00s)
=== RUN   TestAdminCreateProductItem
--- PASS: TestAdminCreateProductItem (0.08s)
=== RUN   TestGetDailyOrderTotal
--- PASS: TestGetDailyOrderTotal (0.05s)
=== RUN   TestCreateShoppingCart
--- PASS: TestCreateShoppingCart (0.05s)
=== RUN   TestUpdatePromotionDiscriptionAndDiscountRate
--- PASS: TestUpdatePromotionDiscriptionAndDiscountRate (0.00s)
=== RUN   TestCreateProductCategoryParent
--- PASS: TestCreateProductCategoryParent (0.02s)
=== RUN   TestAdminCreateProductCategory
--- PASS: TestAdminCreateProductCategory (0.00s)
=== RUN   TestCreateProductBrandForUpdateOrDelete
--- PASS: TestCreateProductBrandForUpdateOrDelete (0.00s)
=== RUN   TestListWishListItemes
=== PAUSE TestListWishListItemes
=== RUN   TestDeleteProduct
--- PASS: TestDeleteProduct (0.03s)
=== RUN   TestListCategoryPromotions
--- PASS: TestListCategoryPromotions (0.39s)
=== RUN   TestCreateShippingMethod
--- PASS: TestCreateShippingMethod (0.00s)
=== RUN   TestListProductItemsByIDs
ProductsIDS [1891 1892 1893 1894 1895]
--- PASS: TestListProductItemsByIDs (0.17s)
=== RUN   TestGetPaymentType
--- PASS: TestGetPaymentType (0.01s)
=== RUN   TestDeleteProductImage
--- PASS: TestDeleteProductImage (0.01s)
=== RUN   TestDeleteShopOrderItem
--- PASS: TestDeleteShopOrderItem (0.11s)
=== RUN   TestGetShopOrdersCountByStatusId
--- PASS: TestGetShopOrdersCountByStatusId (0.11s)
=== RUN   TestUpdateWishList
--- PASS: TestUpdateWishList (0.05s)
=== RUN   TestDeleteProductSize
--- PASS: TestDeleteProductSize (0.01s)
=== RUN   TestUpdateAdminType
--- PASS: TestUpdateAdminType (0.00s)
=== RUN   TestCreateAdminType
--- PASS: TestCreateAdminType (0.00s)
=== RUN   TestUpdateUserSession
--- PASS: TestUpdateUserSession (0.05s)
=== RUN   TestCreateProductImage
--- PASS: TestCreateProductImage (0.00s)
=== RUN   TestCreateWishList
=== PAUSE TestCreateWishList
=== RUN   TestDeleteWishListItemAll
=== PAUSE TestDeleteWishListItemAll
=== RUN   TestCreateShopOrderItem
--- PASS: TestCreateShopOrderItem (0.09s)
=== RUN   TestGetProductSize
--- PASS: TestGetProductSize (0.00s)
=== RUN   TestGetProductConfiguration
--- PASS: TestGetProductConfiguration (0.06s)
=== RUN   TestGetProductBrand
--- PASS: TestGetProductBrand (0.01s)
=== RUN   TestListAdminTypes
--- PASS: TestListAdminTypes (0.02s)
=== RUN   TestCreateVariation
--- PASS: TestCreateVariation (0.02s)
=== RUN   TestListShoppingCarts
--- PASS: TestListShoppingCarts (0.24s)
=== RUN   TestListHomePageTextBanners
--- PASS: TestListHomePageTextBanners (0.01s)
=== RUN   TestCheckUserAddressDefaultAddress
--- PASS: TestCheckUserAddressDefaultAddress (0.05s)
=== RUN   TestGetBrandPromotion
6
1661
--- PASS: TestGetBrandPromotion (0.01s)
=== RUN   TestUpdateProductSize
--- PASS: TestUpdateProductSize (0.00s)
=== RUN   TestUpdateVariationNameAndCategoryID
=== PAUSE TestUpdateVariationNameAndCategoryID
=== RUN   TestCreateShopOrder
--- PASS: TestCreateShopOrder (0.06s)
=== RUN   TestUpdateAdmin
--- PASS: TestUpdateAdmin (0.05s)
=== RUN   TestUpdateProductPromotionActive
--- PASS: TestUpdateProductPromotionActive (0.03s)
=== RUN   TestListPaymentTypes
--- PASS: TestListPaymentTypes (0.03s)
=== RUN   TestListProductItemsV2
--- PASS: TestListProductItemsV2 (1.14s)
=== RUN   TestUpdateNotification
--- PASS: TestUpdateNotification (0.05s)
=== RUN   TestGetProductsByIDs
--- PASS: TestGetProductsByIDs (0.25s)
=== RUN   TestUpdateProductCategory
--- PASS: TestUpdateProductCategory (0.00s)
=== RUN   TestCreatePaymentMethod
--- PASS: TestCreatePaymentMethod (0.00s)
=== RUN   TestCreateShopOrderForListV2
--- PASS: TestCreateShopOrderForListV2 (0.12s)
=== RUN   TestUpdateOrderStatusNameAndPrice
--- PASS: TestUpdateOrderStatusNameAndPrice (0.00s)
=== RUN   TestDeleteShoppingCartItem
=== PAUSE TestDeleteShoppingCartItem
=== RUN   TestListShoppingCartItemes
=== PAUSE TestListShoppingCartItemes
=== RUN   TestGetTotalProductItems
--- PASS: TestGetTotalProductItems (0.05s)
=== RUN   TestFinishedPurchaseTx
=== PAUSE TestFinishedPurchaseTx
=== RUN   TestListUsers
=== PAUSE TestListUsers
=== RUN   TestUpdateCategoryPromotionActive
--- PASS: TestUpdateCategoryPromotionActive (0.02s)
=== RUN   TestCreateVariationOption
--- PASS: TestCreateVariationOption (0.02s)
=== RUN   TestListPromotions
--- PASS: TestListPromotions (0.02s)
=== RUN   TestAdminCreateProduct
--- PASS: TestAdminCreateProduct (0.08s)
=== RUN   TestGetPromotion
--- PASS: TestGetPromotion (0.00s)
=== RUN   TestGetAdminType
--- PASS: TestGetAdminType (0.00s)
=== RUN   TestUpdatePromotionName
--- PASS: TestUpdatePromotionName (0.00s)
=== RUN   TestListShopOrders
=== PAUSE TestListShopOrders
=== RUN   TestDeleteWishListItem
=== PAUSE TestDeleteWishListItem
=== RUN   TestCreateUser
=== PAUSE TestCreateUser
=== RUN   TestGetProductImage
--- PASS: TestGetProductImage (0.00s)
=== RUN   TestDeleteAdminTypeByType
--- PASS: TestDeleteAdminTypeByType (0.00s)
=== RUN   TestGetWishListItemByUserIDWishID
=== PAUSE TestGetWishListItemByUserIDWishID
=== RUN   TestGetShoppingCartByUser
--- PASS: TestGetShoppingCartByUser (0.05s)
=== RUN   TestUpdateBrandPromotionActive
7
1693
--- PASS: TestUpdateBrandPromotionActive (0.01s)
=== RUN   TestDeleteCategoryPromotion
--- PASS: TestDeleteCategoryPromotion (0.02s)
=== RUN   TestCreateProductBrand
--- PASS: TestCreateProductBrand (0.00s)
=== RUN   TestCreateAddress
--- PASS: TestCreateAddress (0.00s)
=== RUN   TestGetProductCategoryByParent
--- PASS: TestGetProductCategoryByParent (0.02s)
=== RUN   TestCreateProduct
--- PASS: TestCreateProduct (0.02s)
=== RUN   TestCreatePaymentType
--- PASS: TestCreatePaymentType (0.01s)
=== RUN   TestUpdateAddressLine
--- PASS: TestUpdateAddressLine (0.00s)
=== RUN   TestGetPaymentMethod
--- PASS: TestGetPaymentMethod (0.05s)
=== RUN   TestUpdateUserReviewRating
=== PAUSE TestUpdateUserReviewRating
=== RUN   TestUpdateShopOrderItemOrderTotal
--- PASS: TestUpdateShopOrderItemOrderTotal (0.10s)
=== RUN   TestListCategoryPromotionsWithImages
--- PASS: TestListCategoryPromotionsWithImages (0.04s)
=== RUN   TestListShopOrdersByUserIDV2
1729
--- PASS: TestListShopOrdersByUserIDV2 (0.11s)
=== RUN   TestDeletePaymentMethod
--- PASS: TestDeletePaymentMethod (0.06s)
=== RUN   TestCreateUserAddressWithAddress
=== PAUSE TestCreateUserAddressWithAddress
=== RUN   TestDeleteShoppingCart
--- PASS: TestDeleteShoppingCart (0.05s)
=== RUN   TestGetUser
=== PAUSE TestGetUser
=== RUN   TestListOrderStatuses
--- PASS: TestListOrderStatuses (0.00s)
=== RUN   TestGetShoppingCart
=== PAUSE TestGetShoppingCart
=== RUN   TestCreateBrandPromotion
5
1697
--- PASS: TestCreateBrandPromotion (0.01s)
=== RUN   TestUpdatePaymentMethodIsDefaultAndProvider
--- PASS: TestUpdatePaymentMethodIsDefaultAndProvider (0.05s)
=== RUN   TestDeleteUserReview
=== PAUSE TestDeleteUserReview
=== RUN   TestGetAdminSession
=== PAUSE TestGetAdminSession
=== RUN   TestDeleteProductItem
--- PASS: TestDeleteProductItem (0.04s)
=== RUN   TestUpdateProductImage
--- PASS: TestUpdateProductImage (0.00s)
=== RUN   TestCreateAdmin
--- PASS: TestCreateAdmin (0.05s)
=== RUN   TestListProducts
--- PASS: TestListProducts (0.26s)
=== RUN   TestGetVariationOption
--- PASS: TestGetVariationOption (0.02s)
=== RUN   TestUpdateProductColor
--- PASS: TestUpdateProductColor (0.00s)
=== RUN   TestUpdateProductCategoryAndActive
--- PASS: TestUpdateProductCategoryAndActive (0.03s)
=== RUN   TestDeleteProductBrand
--- PASS: TestDeleteProductBrand (0.00s)
=== RUN   TestListAddresses
--- PASS: TestListAddresses (0.01s)
=== RUN   TestCreateUserReview
=== PAUSE TestCreateUserReview
=== RUN   TestCreateCategoryPromotion
--- PASS: TestCreateCategoryPromotion (0.02s)
=== RUN   TestCreateUserAddress
--- PASS: TestCreateUserAddress (0.05s)
=== RUN   TestUpdateUser
=== PAUSE TestUpdateUser
=== RUN   TestListShoppingCartItemsByUserID
=== PAUSE TestListShoppingCartItemsByUserID
=== RUN   TestUpdateProductConfiguration
--- PASS: TestUpdateProductConfiguration (0.07s)
=== RUN   TestDeleteProductColor
--- PASS: TestDeleteProductColor (0.00s)
=== RUN   TestGetUserAddress
=== PAUSE TestGetUserAddress
=== RUN   TestCreateNotification
=== PAUSE TestCreateNotification
=== RUN   TestListProductItemsWithCategoryPromotion
=== PAUSE TestListProductItemsWithCategoryPromotion
=== RUN   TestListShippingMethods
--- PASS: TestListShippingMethods (0.02s)
=== RUN   TestDeletePromotion
--- PASS: TestDeletePromotion (0.00s)
=== RUN   TestUpdateWishListItem
=== PAUSE TestUpdateWishListItem
=== RUN   TestListPaymentMethods
--- PASS: TestListPaymentMethods (0.12s)
=== RUN   TestUpdateAdminSession
--- PASS: TestUpdateAdminSession (0.05s)
=== RUN   TestListVariations
=== PAUSE TestListVariations
=== RUN   TestDeleteProductPromotion
--- PASS: TestDeleteProductPromotion (0.03s)
=== RUN   TestDeleteAdmin
--- PASS: TestDeleteAdmin (0.05s)
=== RUN   TestUpdateShopOrderOrderStatus
--- PASS: TestUpdateShopOrderOrderStatus (0.06s)
=== RUN   TestGetShopOrder
--- PASS: TestGetShopOrder (0.06s)
=== RUN   TestUpdateUserAddress
--- PASS: TestUpdateUserAddress (0.05s)
=== RUN   TestListAdmins
--- PASS: TestListAdmins (0.47s)
=== RUN   TestGetCategoryPromotion
--- PASS: TestGetCategoryPromotion (0.02s)
=== RUN   TestDeleteWishList
=== PAUSE TestDeleteWishList
=== RUN   TestGetUserSession
=== PAUSE TestGetUserSession
=== RUN   TestGetProductColor
--- PASS: TestGetProductColor (0.00s)
=== RUN   TestUpdateProductName
--- PASS: TestUpdateProductName (0.03s)
=== RUN   TestGetProductItem
--- PASS: TestGetProductItem (0.03s)
=== RUN   TestFinishedPurchaseTxFailedNotEnoughStock
=== PAUSE TestFinishedPurchaseTxFailedNotEnoughStock
=== RUN   TestGetAddress
--- PASS: TestGetAddress (0.00s)
=== RUN   TestListProductPromotions
--- PASS: TestListProductPromotions (0.14s)
=== RUN   TestGetTotalShopOrder
--- PASS: TestGetTotalShopOrder (0.05s)
=== RUN   TestListShopOrdersByUserID
=== PAUSE TestListShopOrdersByUserID
=== RUN   TestDeleteVariation
=== PAUSE TestDeleteVariation
=== RUN   TestListWishLists
--- PASS: TestListWishLists (0.06s)
=== RUN   TestUpdateAddressLineAndCity
--- PASS: TestUpdateAddressLineAndCity (0.00s)
=== RUN   TestDeleteProductCategory
--- PASS: TestDeleteProductCategory (0.01s)
=== RUN   TestUpdateShoppingCart
--- PASS: TestUpdateShoppingCart (0.05s)
=== CONT  TestCreateUserSession
=== CONT  TestListShoppingCartItemes
=== CONT  TestCreateUserReview
=== CONT  TestListVariations
=== CONT  TestListProductItems
=== CONT  TestCreateNotification
=== CONT  TestDeleteVariation
=== CONT  TestUpdateUserReviewRating
=== CONT  TestUpdateWishListItem
=== CONT  TestListProductItemsWithCategoryPromotion
=== CONT  TestDeleteShoppingCartItem
=== CONT  TestCreateUser
=== CONT  TestDeleteWishListItem
=== CONT  TestGetWishListItemByUserIDWishID
=== CONT  TestListShopOrdersByUserID
=== CONT  TestFinishedPurchaseTxFailedNotEnoughStock
--- PASS: TestDeleteVariation (0.03s)
=== CONT  TestGetUserSession
--- PASS: TestCreateUserSession (0.05s)
=== CONT  TestDeleteWishList
--- PASS: TestCreateUser (0.06s)
=== CONT  TestListShoppingCartItemsByUserID
--- PASS: TestCreateNotification (0.06s)
=== CONT  TestGetUserAddress
--- PASS: TestGetUserSession (0.06s)
=== CONT  TestListShopOrderItems
--- PASS: TestDeleteWishList (0.06s)
=== CONT  TestUpdateVariationNameAndCategoryID
--- PASS: TestDeleteShoppingCartItem (0.12s)
=== CONT  TestDeleteWishListItemAll
--- PASS: TestGetUserAddress (0.06s)
=== CONT  TestCreateWishList
--- PASS: TestGetWishListItemByUserIDWishID (0.13s)
=== CONT  TestListWishListItemes
--- PASS: TestUpdateVariationNameAndCategoryID (0.04s)
=== CONT  TestListProductItemsWithBrandPromotion
=== CONT  TestUpdateUser
--- PASS: TestDeleteWishListItem (0.15s)
--- PASS: TestListProductItemsWithCategoryPromotion (0.16s)
=== CONT  TestGetShoppingCart
--- PASS: TestCreateWishList (0.05s)
=== CONT  TestGetAdminSession
=== CONT  TestDeleteUserReview
--- PASS: TestUpdateUserReviewRating (0.19s)
=== CONT  TestGetNotification
--- PASS: TestUpdateWishListItem (0.20s)
=== CONT  TestGetUser
--- PASS: TestUpdateUser (0.05s)
--- PASS: TestGetShoppingCart (0.05s)
=== CONT  TestListVariationOptions
--- PASS: TestCreateUserReview (0.22s)
=== CONT  TestGetVariation
--- PASS: TestDeleteWishListItemAll (0.11s)
=== CONT  TestListShoppingCartItemsByCartID
--- PASS: TestGetAdminSession (0.08s)
=== CONT  TestGetUserByEmail
--- PASS: TestGetNotification (0.07s)
=== CONT  TestListProductItemsWithPromotion
--- PASS: TestGetUser (0.07s)
=== CONT  TestListUsers
--- PASS: TestGetVariation (0.06s)
=== CONT  TestListShopOrders
--- PASS: TestListWishListItemes (0.17s)
=== CONT  TestGetWishListItem
--- PASS: TestGetUserByEmail (0.06s)
=== CONT  TestCreateAdminSession
--- PASS: TestListUsers (0.06s)
=== CONT  TestListUserReviews
--- PASS: TestListProductItems (0.36s)
=== CONT  TestGetTotalUsersCount
--- PASS: TestCreateAdminSession (0.06s)
=== CONT  TestCreateWishListItem
--- PASS: TestListVariations (0.38s)
=== CONT  TestGetActiveUsersCount
--- PASS: TestDeleteUserReview (0.22s)
=== CONT  TestGetShopOrderItem
--- PASS: TestGetTotalUsersCount (0.05s)
=== CONT  TestFinishedPurchaseTx
=== CONT  TestUpdateShoppingCartItem
--- PASS: TestGetWishListItem (0.12s)
--- PASS: TestGetActiveUsersCount (0.06s)
=== CONT  TestDeleteALLShoppingCartItemes
--- PASS: TestListShoppingCartItemes (0.45s)
=== CONT  TestListUserAddresses
--- PASS: TestCreateWishListItem (0.13s)
=== CONT  TestFinishedPurchaseTxFailedEmptyStock
--- PASS: TestListUserAddresses (0.07s)
=== CONT  TestCreateUserAddressWithAddress
--- PASS: TestListShoppingCartItemsByUserID (0.46s)
--- PASS: TestUpdateShoppingCartItem (0.12s)
--- PASS: TestListProductItemsWithBrandPromotion (0.41s)
--- PASS: TestGetShopOrderItem (0.15s)
--- PASS: TestCreateUserAddressWithAddress (0.05s)
1
1
--- PASS: TestFinishedPurchaseTx (0.17s)
--- PASS: TestListShoppingCartItemsByCartID (0.37s)
--- PASS: TestListVariationOptions (0.39s)
--- PASS: TestListShopOrdersByUserID (0.77s)
--- PASS: TestDeleteALLShoppingCartItemes (0.37s)
--- PASS: TestListShopOrderItems (0.73s)
--- PASS: TestListShopOrders (0.70s)
--- PASS: TestFinishedPurchaseTxFailedEmptyStock (0.68s)
--- PASS: TestListUserReviews (0.87s)
--- PASS: TestListProductItemsWithPromotion (1.54s)
--- PASS: TestFinishedPurchaseTxFailedNotEnoughStock (3.16s)
PASS
coverage: 74.7% of statements
ok  	github.com/cshop/v3/db/sqlc	12.348s	coverage: 74.7% of statements
-test.shuffle 1721248847454442800
=== RUN   TestSendEmailWithGmail
--- PASS: TestSendEmailWithGmail (1.90s)
PASS
coverage: 92.9% of statements
ok  	github.com/cshop/v3/mail	2.110s	coverage: 92.9% of statements
-test.shuffle 1721248847461236500
=== RUN   TestExpiredPasetoTokenForAdmin
--- PASS: TestExpiredPasetoTokenForAdmin (0.00s)
=== RUN   TestPasetoMakerForAdmin
--- PASS: TestPasetoMakerForAdmin (0.00s)
=== RUN   TestPasetoMakerForUser
--- PASS: TestPasetoMakerForUser (0.00s)
=== RUN   TestExpiredPasetoTokenForUser
--- PASS: TestExpiredPasetoTokenForUser (0.00s)
PASS
coverage: 82.0% of statements
ok  	github.com/cshop/v3/token	0.222s	coverage: 82.0% of statements
-test.shuffle 1721248847432658600
=== RUN   TestPassword
--- PASS: TestPassword (0.18s)
PASS
coverage: 14.7% of statements
ok  	github.com/cshop/v3/util	0.368s	coverage: 14.7% of statements
FAIL
Command exited with exit code 1: C:\Program Files\Go\bin\go.EXE test -v -cover -timeout 1m -shuffle on -count=1 ./...
